ARM GAS  /var/folders/y0/yl1wrqfd209ghqq3s8k8qc1m0000gn/T//ccVhTIF3.s 			page 1


   1              		.cpu cortex-m3
   2              		.arch armv7-m
   3              		.fpu softvfp
   4              		.eabi_attribute 20, 1
   5              		.eabi_attribute 21, 1
   6              		.eabi_attribute 23, 3
   7              		.eabi_attribute 24, 1
   8              		.eabi_attribute 25, 1
   9              		.eabi_attribute 26, 1
  10              		.eabi_attribute 30, 1
  11              		.eabi_attribute 34, 1
  12              		.eabi_attribute 18, 4
  13              		.file	"stm32f1xx_hal_msp.c"
  14              		.text
  15              	.Ltext0:
  16              		.cfi_sections	.debug_frame
  17              		.file 1 "Core/Src/stm32f1xx_hal_msp.c"
  18              		.section	.text.HAL_MspInit,"ax",%progbits
  19              		.align	1
  20              		.global	HAL_MspInit
  21              		.syntax unified
  22              		.thumb
  23              		.thumb_func
  25              	HAL_MspInit:
  26              	.LFB65:
   1:Core/Src/stm32f1xx_hal_msp.c **** /* USER CODE BEGIN Header */
   2:Core/Src/stm32f1xx_hal_msp.c **** /**
   3:Core/Src/stm32f1xx_hal_msp.c ****   ******************************************************************************
   4:Core/Src/stm32f1xx_hal_msp.c ****   * @file         stm32f1xx_hal_msp.c
   5:Core/Src/stm32f1xx_hal_msp.c ****   * @brief        This file provides code for the MSP Initialization
   6:Core/Src/stm32f1xx_hal_msp.c ****   *               and de-Initialization codes.
   7:Core/Src/stm32f1xx_hal_msp.c ****   ******************************************************************************
   8:Core/Src/stm32f1xx_hal_msp.c ****   * @attention
   9:Core/Src/stm32f1xx_hal_msp.c ****   *
  10:Core/Src/stm32f1xx_hal_msp.c ****   * Copyright (c) 2026 STMicroelectronics.
  11:Core/Src/stm32f1xx_hal_msp.c ****   * All rights reserved.
  12:Core/Src/stm32f1xx_hal_msp.c ****   *
  13:Core/Src/stm32f1xx_hal_msp.c ****   * This software is licensed under terms that can be found in the LICENSE file
  14:Core/Src/stm32f1xx_hal_msp.c ****   * in the root directory of this software component.
  15:Core/Src/stm32f1xx_hal_msp.c ****   * If no LICENSE file comes with this software, it is provided AS-IS.
  16:Core/Src/stm32f1xx_hal_msp.c ****   *
  17:Core/Src/stm32f1xx_hal_msp.c ****   ******************************************************************************
  18:Core/Src/stm32f1xx_hal_msp.c ****   */
  19:Core/Src/stm32f1xx_hal_msp.c **** /* USER CODE END Header */
  20:Core/Src/stm32f1xx_hal_msp.c **** /* Includes ------------------------------------------------------------------*/
  21:Core/Src/stm32f1xx_hal_msp.c **** #include "main.h"
  22:Core/Src/stm32f1xx_hal_msp.c **** /* USER CODE BEGIN Includes */
  23:Core/Src/stm32f1xx_hal_msp.c **** 
  24:Core/Src/stm32f1xx_hal_msp.c **** /* USER CODE END Includes */
  25:Core/Src/stm32f1xx_hal_msp.c **** 
  26:Core/Src/stm32f1xx_hal_msp.c **** /* Private typedef -----------------------------------------------------------*/
  27:Core/Src/stm32f1xx_hal_msp.c **** /* USER CODE BEGIN TD */
  28:Core/Src/stm32f1xx_hal_msp.c **** 
  29:Core/Src/stm32f1xx_hal_msp.c **** /* USER CODE END TD */
  30:Core/Src/stm32f1xx_hal_msp.c **** 
  31:Core/Src/stm32f1xx_hal_msp.c **** /* Private define ------------------------------------------------------------*/
  32:Core/Src/stm32f1xx_hal_msp.c **** /* USER CODE BEGIN Define */
ARM GAS  /var/folders/y0/yl1wrqfd209ghqq3s8k8qc1m0000gn/T//ccVhTIF3.s 			page 2


  33:Core/Src/stm32f1xx_hal_msp.c **** 
  34:Core/Src/stm32f1xx_hal_msp.c **** /* USER CODE END Define */
  35:Core/Src/stm32f1xx_hal_msp.c **** 
  36:Core/Src/stm32f1xx_hal_msp.c **** /* Private macro -------------------------------------------------------------*/
  37:Core/Src/stm32f1xx_hal_msp.c **** /* USER CODE BEGIN Macro */
  38:Core/Src/stm32f1xx_hal_msp.c **** 
  39:Core/Src/stm32f1xx_hal_msp.c **** /* USER CODE END Macro */
  40:Core/Src/stm32f1xx_hal_msp.c **** 
  41:Core/Src/stm32f1xx_hal_msp.c **** /* Private variables ---------------------------------------------------------*/
  42:Core/Src/stm32f1xx_hal_msp.c **** /* USER CODE BEGIN PV */
  43:Core/Src/stm32f1xx_hal_msp.c **** 
  44:Core/Src/stm32f1xx_hal_msp.c **** /* USER CODE END PV */
  45:Core/Src/stm32f1xx_hal_msp.c **** 
  46:Core/Src/stm32f1xx_hal_msp.c **** /* Private function prototypes -----------------------------------------------*/
  47:Core/Src/stm32f1xx_hal_msp.c **** /* USER CODE BEGIN PFP */
  48:Core/Src/stm32f1xx_hal_msp.c **** 
  49:Core/Src/stm32f1xx_hal_msp.c **** /* USER CODE END PFP */
  50:Core/Src/stm32f1xx_hal_msp.c **** 
  51:Core/Src/stm32f1xx_hal_msp.c **** /* External functions --------------------------------------------------------*/
  52:Core/Src/stm32f1xx_hal_msp.c **** /* USER CODE BEGIN ExternalFunctions */
  53:Core/Src/stm32f1xx_hal_msp.c **** 
  54:Core/Src/stm32f1xx_hal_msp.c **** /* USER CODE END ExternalFunctions */
  55:Core/Src/stm32f1xx_hal_msp.c **** 
  56:Core/Src/stm32f1xx_hal_msp.c **** /* USER CODE BEGIN 0 */
  57:Core/Src/stm32f1xx_hal_msp.c **** 
  58:Core/Src/stm32f1xx_hal_msp.c **** /* USER CODE END 0 */
  59:Core/Src/stm32f1xx_hal_msp.c **** /**
  60:Core/Src/stm32f1xx_hal_msp.c ****   * Initializes the Global MSP.
  61:Core/Src/stm32f1xx_hal_msp.c ****   */
  62:Core/Src/stm32f1xx_hal_msp.c **** void HAL_MspInit(void)
  63:Core/Src/stm32f1xx_hal_msp.c **** {
  27              		.loc 1 63 1 view -0
  28              		.cfi_startproc
  29              		@ args = 0, pretend = 0, frame = 8
  30              		@ frame_needed = 0, uses_anonymous_args = 0
  31              		@ link register save eliminated.
  32 0000 82B0     		sub	sp, sp, #8
  33              	.LCFI0:
  34              		.cfi_def_cfa_offset 8
  64:Core/Src/stm32f1xx_hal_msp.c **** 
  65:Core/Src/stm32f1xx_hal_msp.c ****   /* USER CODE BEGIN MspInit 0 */
  66:Core/Src/stm32f1xx_hal_msp.c **** 
  67:Core/Src/stm32f1xx_hal_msp.c ****   /* USER CODE END MspInit 0 */
  68:Core/Src/stm32f1xx_hal_msp.c **** 
  69:Core/Src/stm32f1xx_hal_msp.c ****   __HAL_RCC_AFIO_CLK_ENABLE();
  35              		.loc 1 69 3 view .LVU1
  36              	.LBB2:
  37              		.loc 1 69 3 view .LVU2
  38              		.loc 1 69 3 view .LVU3
  39 0002 0E4B     		ldr	r3, .L3
  40 0004 9A69     		ldr	r2, [r3, #24]
  41 0006 42F00102 		orr	r2, r2, #1
  42 000a 9A61     		str	r2, [r3, #24]
  43              		.loc 1 69 3 view .LVU4
  44 000c 9A69     		ldr	r2, [r3, #24]
  45 000e 02F00102 		and	r2, r2, #1
  46 0012 0092     		str	r2, [sp]
ARM GAS  /var/folders/y0/yl1wrqfd209ghqq3s8k8qc1m0000gn/T//ccVhTIF3.s 			page 3


  47              		.loc 1 69 3 view .LVU5
  48 0014 009A     		ldr	r2, [sp]
  49              	.LBE2:
  50              		.loc 1 69 3 view .LVU6
  70:Core/Src/stm32f1xx_hal_msp.c ****   __HAL_RCC_PWR_CLK_ENABLE();
  51              		.loc 1 70 3 view .LVU7
  52              	.LBB3:
  53              		.loc 1 70 3 view .LVU8
  54              		.loc 1 70 3 view .LVU9
  55 0016 DA69     		ldr	r2, [r3, #28]
  56 0018 42F08052 		orr	r2, r2, #268435456
  57 001c DA61     		str	r2, [r3, #28]
  58              		.loc 1 70 3 view .LVU10
  59 001e DB69     		ldr	r3, [r3, #28]
  60 0020 03F08053 		and	r3, r3, #268435456
  61 0024 0193     		str	r3, [sp, #4]
  62              		.loc 1 70 3 view .LVU11
  63 0026 019B     		ldr	r3, [sp, #4]
  64              	.LBE3:
  65              		.loc 1 70 3 view .LVU12
  71:Core/Src/stm32f1xx_hal_msp.c **** 
  72:Core/Src/stm32f1xx_hal_msp.c ****   /* System interrupt init*/
  73:Core/Src/stm32f1xx_hal_msp.c **** 
  74:Core/Src/stm32f1xx_hal_msp.c ****   /** DISABLE: JTAG-DP Disabled and SW-DP Disabled
  75:Core/Src/stm32f1xx_hal_msp.c ****   */
  76:Core/Src/stm32f1xx_hal_msp.c ****   __HAL_AFIO_REMAP_SWJ_DISABLE();
  66              		.loc 1 76 3 view .LVU13
  67              	.LBB4:
  68              		.loc 1 76 3 view .LVU14
  69 0028 054A     		ldr	r2, .L3+4
  70 002a 5368     		ldr	r3, [r2, #4]
  71              	.LVL0:
  72              		.loc 1 76 3 view .LVU15
  73 002c 23F0E063 		bic	r3, r3, #117440512
  74              	.LVL1:
  75              		.loc 1 76 3 view .LVU16
  76 0030 43F08063 		orr	r3, r3, #67108864
  77              	.LVL2:
  78              		.loc 1 76 3 view .LVU17
  79 0034 5360     		str	r3, [r2, #4]
  80              	.LBE4:
  81              		.loc 1 76 3 view .LVU18
  77:Core/Src/stm32f1xx_hal_msp.c **** 
  78:Core/Src/stm32f1xx_hal_msp.c ****   /* USER CODE BEGIN MspInit 1 */
  79:Core/Src/stm32f1xx_hal_msp.c **** 
  80:Core/Src/stm32f1xx_hal_msp.c ****   /* USER CODE END MspInit 1 */
  81:Core/Src/stm32f1xx_hal_msp.c **** }
  82              		.loc 1 81 1 is_stmt 0 view .LVU19
  83 0036 02B0     		add	sp, sp, #8
  84              	.LCFI1:
  85              		.cfi_def_cfa_offset 0
  86              		@ sp needed
  87 0038 7047     		bx	lr
  88              	.L4:
  89 003a 00BF     		.align	2
  90              	.L3:
  91 003c 00100240 		.word	1073876992
ARM GAS  /var/folders/y0/yl1wrqfd209ghqq3s8k8qc1m0000gn/T//ccVhTIF3.s 			page 4


  92 0040 00000140 		.word	1073807360
  93              		.cfi_endproc
  94              	.LFE65:
  96              		.section	.text.HAL_ADC_MspInit,"ax",%progbits
  97              		.align	1
  98              		.global	HAL_ADC_MspInit
  99              		.syntax unified
 100              		.thumb
 101              		.thumb_func
 103              	HAL_ADC_MspInit:
 104              	.LVL3:
 105              	.LFB66:
  82:Core/Src/stm32f1xx_hal_msp.c **** 
  83:Core/Src/stm32f1xx_hal_msp.c **** /**
  84:Core/Src/stm32f1xx_hal_msp.c ****   * @brief ADC MSP Initialization
  85:Core/Src/stm32f1xx_hal_msp.c ****   * This function configures the hardware resources used in this example
  86:Core/Src/stm32f1xx_hal_msp.c ****   * @param hadc: ADC handle pointer
  87:Core/Src/stm32f1xx_hal_msp.c ****   * @retval None
  88:Core/Src/stm32f1xx_hal_msp.c ****   */
  89:Core/Src/stm32f1xx_hal_msp.c **** void HAL_ADC_MspInit(ADC_HandleTypeDef* hadc)
  90:Core/Src/stm32f1xx_hal_msp.c **** {
 106              		.loc 1 90 1 is_stmt 1 view -0
 107              		.cfi_startproc
 108              		@ args = 0, pretend = 0, frame = 24
 109              		@ frame_needed = 0, uses_anonymous_args = 0
 110              		.loc 1 90 1 is_stmt 0 view .LVU21
 111 0000 00B5     		push	{lr}
 112              	.LCFI2:
 113              		.cfi_def_cfa_offset 4
 114              		.cfi_offset 14, -4
 115 0002 87B0     		sub	sp, sp, #28
 116              	.LCFI3:
 117              		.cfi_def_cfa_offset 32
  91:Core/Src/stm32f1xx_hal_msp.c ****   GPIO_InitTypeDef GPIO_InitStruct = {0};
 118              		.loc 1 91 3 is_stmt 1 view .LVU22
 119              		.loc 1 91 20 is_stmt 0 view .LVU23
 120 0004 0023     		movs	r3, #0
 121 0006 0293     		str	r3, [sp, #8]
 122 0008 0393     		str	r3, [sp, #12]
 123 000a 0493     		str	r3, [sp, #16]
 124 000c 0593     		str	r3, [sp, #20]
  92:Core/Src/stm32f1xx_hal_msp.c ****   if(hadc->Instance==ADC1)
 125              		.loc 1 92 3 is_stmt 1 view .LVU24
 126              		.loc 1 92 10 is_stmt 0 view .LVU25
 127 000e 0268     		ldr	r2, [r0]
 128              		.loc 1 92 5 view .LVU26
 129 0010 104B     		ldr	r3, .L9
 130 0012 9A42     		cmp	r2, r3
 131 0014 01D0     		beq	.L8
 132              	.LVL4:
 133              	.L5:
  93:Core/Src/stm32f1xx_hal_msp.c ****   {
  94:Core/Src/stm32f1xx_hal_msp.c ****     /* USER CODE BEGIN ADC1_MspInit 0 */
  95:Core/Src/stm32f1xx_hal_msp.c **** 
  96:Core/Src/stm32f1xx_hal_msp.c ****     /* USER CODE END ADC1_MspInit 0 */
  97:Core/Src/stm32f1xx_hal_msp.c ****     /* Peripheral clock enable */
  98:Core/Src/stm32f1xx_hal_msp.c ****     __HAL_RCC_ADC1_CLK_ENABLE();
ARM GAS  /var/folders/y0/yl1wrqfd209ghqq3s8k8qc1m0000gn/T//ccVhTIF3.s 			page 5


  99:Core/Src/stm32f1xx_hal_msp.c **** 
 100:Core/Src/stm32f1xx_hal_msp.c ****     __HAL_RCC_GPIOA_CLK_ENABLE();
 101:Core/Src/stm32f1xx_hal_msp.c ****     /**ADC1 GPIO Configuration
 102:Core/Src/stm32f1xx_hal_msp.c ****     PA0-WKUP     ------> ADC1_IN0
 103:Core/Src/stm32f1xx_hal_msp.c ****     */
 104:Core/Src/stm32f1xx_hal_msp.c ****     GPIO_InitStruct.Pin = GPIO_PIN_0;
 105:Core/Src/stm32f1xx_hal_msp.c ****     GPIO_InitStruct.Mode = GPIO_MODE_ANALOG;
 106:Core/Src/stm32f1xx_hal_msp.c ****     HAL_GPIO_Init(GPIOA, &GPIO_InitStruct);
 107:Core/Src/stm32f1xx_hal_msp.c **** 
 108:Core/Src/stm32f1xx_hal_msp.c ****     /* USER CODE BEGIN ADC1_MspInit 1 */
 109:Core/Src/stm32f1xx_hal_msp.c **** 
 110:Core/Src/stm32f1xx_hal_msp.c ****     /* USER CODE END ADC1_MspInit 1 */
 111:Core/Src/stm32f1xx_hal_msp.c **** 
 112:Core/Src/stm32f1xx_hal_msp.c ****   }
 113:Core/Src/stm32f1xx_hal_msp.c **** 
 114:Core/Src/stm32f1xx_hal_msp.c **** }
 134              		.loc 1 114 1 view .LVU27
 135 0016 07B0     		add	sp, sp, #28
 136              	.LCFI4:
 137              		.cfi_remember_state
 138              		.cfi_def_cfa_offset 4
 139              		@ sp needed
 140 0018 00BD     		pop	{pc}
 141              	.LVL5:
 142              	.L8:
 143              	.LCFI5:
 144              		.cfi_restore_state
  98:Core/Src/stm32f1xx_hal_msp.c **** 
 145              		.loc 1 98 5 is_stmt 1 view .LVU28
 146              	.LBB5:
  98:Core/Src/stm32f1xx_hal_msp.c **** 
 147              		.loc 1 98 5 view .LVU29
  98:Core/Src/stm32f1xx_hal_msp.c **** 
 148              		.loc 1 98 5 view .LVU30
 149 001a 03F56C43 		add	r3, r3, #60416
 150 001e 9A69     		ldr	r2, [r3, #24]
 151 0020 42F40072 		orr	r2, r2, #512
 152 0024 9A61     		str	r2, [r3, #24]
  98:Core/Src/stm32f1xx_hal_msp.c **** 
 153              		.loc 1 98 5 view .LVU31
 154 0026 9A69     		ldr	r2, [r3, #24]
 155 0028 02F40072 		and	r2, r2, #512
 156 002c 0092     		str	r2, [sp]
  98:Core/Src/stm32f1xx_hal_msp.c **** 
 157              		.loc 1 98 5 view .LVU32
 158 002e 009A     		ldr	r2, [sp]
 159              	.LBE5:
  98:Core/Src/stm32f1xx_hal_msp.c **** 
 160              		.loc 1 98 5 view .LVU33
 100:Core/Src/stm32f1xx_hal_msp.c ****     /**ADC1 GPIO Configuration
 161              		.loc 1 100 5 view .LVU34
 162              	.LBB6:
 100:Core/Src/stm32f1xx_hal_msp.c ****     /**ADC1 GPIO Configuration
 163              		.loc 1 100 5 view .LVU35
 100:Core/Src/stm32f1xx_hal_msp.c ****     /**ADC1 GPIO Configuration
 164              		.loc 1 100 5 view .LVU36
 165 0030 9A69     		ldr	r2, [r3, #24]
ARM GAS  /var/folders/y0/yl1wrqfd209ghqq3s8k8qc1m0000gn/T//ccVhTIF3.s 			page 6


 166 0032 42F00402 		orr	r2, r2, #4
 167 0036 9A61     		str	r2, [r3, #24]
 100:Core/Src/stm32f1xx_hal_msp.c ****     /**ADC1 GPIO Configuration
 168              		.loc 1 100 5 view .LVU37
 169 0038 9B69     		ldr	r3, [r3, #24]
 170 003a 03F00403 		and	r3, r3, #4
 171 003e 0193     		str	r3, [sp, #4]
 100:Core/Src/stm32f1xx_hal_msp.c ****     /**ADC1 GPIO Configuration
 172              		.loc 1 100 5 view .LVU38
 173 0040 019B     		ldr	r3, [sp, #4]
 174              	.LBE6:
 100:Core/Src/stm32f1xx_hal_msp.c ****     /**ADC1 GPIO Configuration
 175              		.loc 1 100 5 view .LVU39
 104:Core/Src/stm32f1xx_hal_msp.c ****     GPIO_InitStruct.Mode = GPIO_MODE_ANALOG;
 176              		.loc 1 104 5 view .LVU40
 104:Core/Src/stm32f1xx_hal_msp.c ****     GPIO_InitStruct.Mode = GPIO_MODE_ANALOG;
 177              		.loc 1 104 25 is_stmt 0 view .LVU41
 178 0042 0123     		movs	r3, #1
 179 0044 0293     		str	r3, [sp, #8]
 105:Core/Src/stm32f1xx_hal_msp.c ****     HAL_GPIO_Init(GPIOA, &GPIO_InitStruct);
 180              		.loc 1 105 5 is_stmt 1 view .LVU42
 105:Core/Src/stm32f1xx_hal_msp.c ****     HAL_GPIO_Init(GPIOA, &GPIO_InitStruct);
 181              		.loc 1 105 26 is_stmt 0 view .LVU43
 182 0046 0323     		movs	r3, #3
 183 0048 0393     		str	r3, [sp, #12]
 106:Core/Src/stm32f1xx_hal_msp.c **** 
 184              		.loc 1 106 5 is_stmt 1 view .LVU44
 185 004a 02A9     		add	r1, sp, #8
 186 004c 0248     		ldr	r0, .L9+4
 187              	.LVL6:
 106:Core/Src/stm32f1xx_hal_msp.c **** 
 188              		.loc 1 106 5 is_stmt 0 view .LVU45
 189 004e FFF7FEFF 		bl	HAL_GPIO_Init
 190              	.LVL7:
 191              		.loc 1 114 1 view .LVU46
 192 0052 E0E7     		b	.L5
 193              	.L10:
 194              		.align	2
 195              	.L9:
 196 0054 00240140 		.word	1073816576
 197 0058 00080140 		.word	1073809408
 198              		.cfi_endproc
 199              	.LFE66:
 201              		.section	.text.HAL_ADC_MspDeInit,"ax",%progbits
 202              		.align	1
 203              		.global	HAL_ADC_MspDeInit
 204              		.syntax unified
 205              		.thumb
 206              		.thumb_func
 208              	HAL_ADC_MspDeInit:
 209              	.LVL8:
 210              	.LFB67:
 115:Core/Src/stm32f1xx_hal_msp.c **** 
 116:Core/Src/stm32f1xx_hal_msp.c **** /**
 117:Core/Src/stm32f1xx_hal_msp.c ****   * @brief ADC MSP De-Initialization
 118:Core/Src/stm32f1xx_hal_msp.c ****   * This function freeze the hardware resources used in this example
 119:Core/Src/stm32f1xx_hal_msp.c ****   * @param hadc: ADC handle pointer
ARM GAS  /var/folders/y0/yl1wrqfd209ghqq3s8k8qc1m0000gn/T//ccVhTIF3.s 			page 7


 120:Core/Src/stm32f1xx_hal_msp.c ****   * @retval None
 121:Core/Src/stm32f1xx_hal_msp.c ****   */
 122:Core/Src/stm32f1xx_hal_msp.c **** void HAL_ADC_MspDeInit(ADC_HandleTypeDef* hadc)
 123:Core/Src/stm32f1xx_hal_msp.c **** {
 211              		.loc 1 123 1 is_stmt 1 view -0
 212              		.cfi_startproc
 213              		@ args = 0, pretend = 0, frame = 0
 214              		@ frame_needed = 0, uses_anonymous_args = 0
 215              		.loc 1 123 1 is_stmt 0 view .LVU48
 216 0000 08B5     		push	{r3, lr}
 217              	.LCFI6:
 218              		.cfi_def_cfa_offset 8
 219              		.cfi_offset 3, -8
 220              		.cfi_offset 14, -4
 124:Core/Src/stm32f1xx_hal_msp.c ****   if(hadc->Instance==ADC1)
 221              		.loc 1 124 3 is_stmt 1 view .LVU49
 222              		.loc 1 124 10 is_stmt 0 view .LVU50
 223 0002 0268     		ldr	r2, [r0]
 224              		.loc 1 124 5 view .LVU51
 225 0004 064B     		ldr	r3, .L15
 226 0006 9A42     		cmp	r2, r3
 227 0008 00D0     		beq	.L14
 228              	.LVL9:
 229              	.L11:
 125:Core/Src/stm32f1xx_hal_msp.c ****   {
 126:Core/Src/stm32f1xx_hal_msp.c ****     /* USER CODE BEGIN ADC1_MspDeInit 0 */
 127:Core/Src/stm32f1xx_hal_msp.c **** 
 128:Core/Src/stm32f1xx_hal_msp.c ****     /* USER CODE END ADC1_MspDeInit 0 */
 129:Core/Src/stm32f1xx_hal_msp.c ****     /* Peripheral clock disable */
 130:Core/Src/stm32f1xx_hal_msp.c ****     __HAL_RCC_ADC1_CLK_DISABLE();
 131:Core/Src/stm32f1xx_hal_msp.c **** 
 132:Core/Src/stm32f1xx_hal_msp.c ****     /**ADC1 GPIO Configuration
 133:Core/Src/stm32f1xx_hal_msp.c ****     PA0-WKUP     ------> ADC1_IN0
 134:Core/Src/stm32f1xx_hal_msp.c ****     */
 135:Core/Src/stm32f1xx_hal_msp.c ****     HAL_GPIO_DeInit(GPIOA, GPIO_PIN_0);
 136:Core/Src/stm32f1xx_hal_msp.c **** 
 137:Core/Src/stm32f1xx_hal_msp.c ****     /* USER CODE BEGIN ADC1_MspDeInit 1 */
 138:Core/Src/stm32f1xx_hal_msp.c **** 
 139:Core/Src/stm32f1xx_hal_msp.c ****     /* USER CODE END ADC1_MspDeInit 1 */
 140:Core/Src/stm32f1xx_hal_msp.c ****   }
 141:Core/Src/stm32f1xx_hal_msp.c **** 
 142:Core/Src/stm32f1xx_hal_msp.c **** }
 230              		.loc 1 142 1 view .LVU52
 231 000a 08BD     		pop	{r3, pc}
 232              	.LVL10:
 233              	.L14:
 130:Core/Src/stm32f1xx_hal_msp.c **** 
 234              		.loc 1 130 5 is_stmt 1 view .LVU53
 235 000c 054A     		ldr	r2, .L15+4
 236 000e 9369     		ldr	r3, [r2, #24]
 237 0010 23F40073 		bic	r3, r3, #512
 238 0014 9361     		str	r3, [r2, #24]
 135:Core/Src/stm32f1xx_hal_msp.c **** 
 239              		.loc 1 135 5 view .LVU54
 240 0016 0121     		movs	r1, #1
 241 0018 0348     		ldr	r0, .L15+8
 242              	.LVL11:
ARM GAS  /var/folders/y0/yl1wrqfd209ghqq3s8k8qc1m0000gn/T//ccVhTIF3.s 			page 8


 135:Core/Src/stm32f1xx_hal_msp.c **** 
 243              		.loc 1 135 5 is_stmt 0 view .LVU55
 244 001a FFF7FEFF 		bl	HAL_GPIO_DeInit
 245              	.LVL12:
 246              		.loc 1 142 1 view .LVU56
 247 001e F4E7     		b	.L11
 248              	.L16:
 249              		.align	2
 250              	.L15:
 251 0020 00240140 		.word	1073816576
 252 0024 00100240 		.word	1073876992
 253 0028 00080140 		.word	1073809408
 254              		.cfi_endproc
 255              	.LFE67:
 257              		.section	.text.HAL_I2C_MspInit,"ax",%progbits
 258              		.align	1
 259              		.global	HAL_I2C_MspInit
 260              		.syntax unified
 261              		.thumb
 262              		.thumb_func
 264              	HAL_I2C_MspInit:
 265              	.LVL13:
 266              	.LFB68:
 143:Core/Src/stm32f1xx_hal_msp.c **** 
 144:Core/Src/stm32f1xx_hal_msp.c **** /**
 145:Core/Src/stm32f1xx_hal_msp.c ****   * @brief I2C MSP Initialization
 146:Core/Src/stm32f1xx_hal_msp.c ****   * This function configures the hardware resources used in this example
 147:Core/Src/stm32f1xx_hal_msp.c ****   * @param hi2c: I2C handle pointer
 148:Core/Src/stm32f1xx_hal_msp.c ****   * @retval None
 149:Core/Src/stm32f1xx_hal_msp.c ****   */
 150:Core/Src/stm32f1xx_hal_msp.c **** void HAL_I2C_MspInit(I2C_HandleTypeDef* hi2c)
 151:Core/Src/stm32f1xx_hal_msp.c **** {
 267              		.loc 1 151 1 is_stmt 1 view -0
 268              		.cfi_startproc
 269              		@ args = 0, pretend = 0, frame = 24
 270              		@ frame_needed = 0, uses_anonymous_args = 0
 271              		.loc 1 151 1 is_stmt 0 view .LVU58
 272 0000 10B5     		push	{r4, lr}
 273              	.LCFI7:
 274              		.cfi_def_cfa_offset 8
 275              		.cfi_offset 4, -8
 276              		.cfi_offset 14, -4
 277 0002 86B0     		sub	sp, sp, #24
 278              	.LCFI8:
 279              		.cfi_def_cfa_offset 32
 152:Core/Src/stm32f1xx_hal_msp.c ****   GPIO_InitTypeDef GPIO_InitStruct = {0};
 280              		.loc 1 152 3 is_stmt 1 view .LVU59
 281              		.loc 1 152 20 is_stmt 0 view .LVU60
 282 0004 0023     		movs	r3, #0
 283 0006 0293     		str	r3, [sp, #8]
 284 0008 0393     		str	r3, [sp, #12]
 285 000a 0493     		str	r3, [sp, #16]
 286 000c 0593     		str	r3, [sp, #20]
 153:Core/Src/stm32f1xx_hal_msp.c ****   if(hi2c->Instance==I2C1)
 287              		.loc 1 153 3 is_stmt 1 view .LVU61
 288              		.loc 1 153 10 is_stmt 0 view .LVU62
 289 000e 0268     		ldr	r2, [r0]
ARM GAS  /var/folders/y0/yl1wrqfd209ghqq3s8k8qc1m0000gn/T//ccVhTIF3.s 			page 9


 290              		.loc 1 153 5 view .LVU63
 291 0010 114B     		ldr	r3, .L21
 292 0012 9A42     		cmp	r2, r3
 293 0014 01D0     		beq	.L20
 294              	.LVL14:
 295              	.L17:
 154:Core/Src/stm32f1xx_hal_msp.c ****   {
 155:Core/Src/stm32f1xx_hal_msp.c ****     /* USER CODE BEGIN I2C1_MspInit 0 */
 156:Core/Src/stm32f1xx_hal_msp.c **** 
 157:Core/Src/stm32f1xx_hal_msp.c ****     /* USER CODE END I2C1_MspInit 0 */
 158:Core/Src/stm32f1xx_hal_msp.c **** 
 159:Core/Src/stm32f1xx_hal_msp.c ****     __HAL_RCC_GPIOB_CLK_ENABLE();
 160:Core/Src/stm32f1xx_hal_msp.c ****     /**I2C1 GPIO Configuration
 161:Core/Src/stm32f1xx_hal_msp.c ****     PB6     ------> I2C1_SCL
 162:Core/Src/stm32f1xx_hal_msp.c ****     PB7     ------> I2C1_SDA
 163:Core/Src/stm32f1xx_hal_msp.c ****     */
 164:Core/Src/stm32f1xx_hal_msp.c ****     GPIO_InitStruct.Pin = GPIO_PIN_6|GPIO_PIN_7;
 165:Core/Src/stm32f1xx_hal_msp.c ****     GPIO_InitStruct.Mode = GPIO_MODE_AF_OD;
 166:Core/Src/stm32f1xx_hal_msp.c ****     GPIO_InitStruct.Speed = GPIO_SPEED_FREQ_HIGH;
 167:Core/Src/stm32f1xx_hal_msp.c ****     HAL_GPIO_Init(GPIOB, &GPIO_InitStruct);
 168:Core/Src/stm32f1xx_hal_msp.c **** 
 169:Core/Src/stm32f1xx_hal_msp.c ****     /* Peripheral clock enable */
 170:Core/Src/stm32f1xx_hal_msp.c ****     __HAL_RCC_I2C1_CLK_ENABLE();
 171:Core/Src/stm32f1xx_hal_msp.c ****     /* USER CODE BEGIN I2C1_MspInit 1 */
 172:Core/Src/stm32f1xx_hal_msp.c **** 
 173:Core/Src/stm32f1xx_hal_msp.c ****     /* USER CODE END I2C1_MspInit 1 */
 174:Core/Src/stm32f1xx_hal_msp.c **** 
 175:Core/Src/stm32f1xx_hal_msp.c ****   }
 176:Core/Src/stm32f1xx_hal_msp.c **** 
 177:Core/Src/stm32f1xx_hal_msp.c **** }
 296              		.loc 1 177 1 view .LVU64
 297 0016 06B0     		add	sp, sp, #24
 298              	.LCFI9:
 299              		.cfi_remember_state
 300              		.cfi_def_cfa_offset 8
 301              		@ sp needed
 302 0018 10BD     		pop	{r4, pc}
 303              	.LVL15:
 304              	.L20:
 305              	.LCFI10:
 306              		.cfi_restore_state
 159:Core/Src/stm32f1xx_hal_msp.c ****     /**I2C1 GPIO Configuration
 307              		.loc 1 159 5 is_stmt 1 view .LVU65
 308              	.LBB7:
 159:Core/Src/stm32f1xx_hal_msp.c ****     /**I2C1 GPIO Configuration
 309              		.loc 1 159 5 view .LVU66
 159:Core/Src/stm32f1xx_hal_msp.c ****     /**I2C1 GPIO Configuration
 310              		.loc 1 159 5 view .LVU67
 311 001a 104C     		ldr	r4, .L21+4
 312 001c A369     		ldr	r3, [r4, #24]
 313 001e 43F00803 		orr	r3, r3, #8
 314 0022 A361     		str	r3, [r4, #24]
 159:Core/Src/stm32f1xx_hal_msp.c ****     /**I2C1 GPIO Configuration
 315              		.loc 1 159 5 view .LVU68
 316 0024 A369     		ldr	r3, [r4, #24]
 317 0026 03F00803 		and	r3, r3, #8
 318 002a 0093     		str	r3, [sp]
ARM GAS  /var/folders/y0/yl1wrqfd209ghqq3s8k8qc1m0000gn/T//ccVhTIF3.s 			page 10


 159:Core/Src/stm32f1xx_hal_msp.c ****     /**I2C1 GPIO Configuration
 319              		.loc 1 159 5 view .LVU69
 320 002c 009B     		ldr	r3, [sp]
 321              	.LBE7:
 159:Core/Src/stm32f1xx_hal_msp.c ****     /**I2C1 GPIO Configuration
 322              		.loc 1 159 5 view .LVU70
 164:Core/Src/stm32f1xx_hal_msp.c ****     GPIO_InitStruct.Mode = GPIO_MODE_AF_OD;
 323              		.loc 1 164 5 view .LVU71
 164:Core/Src/stm32f1xx_hal_msp.c ****     GPIO_InitStruct.Mode = GPIO_MODE_AF_OD;
 324              		.loc 1 164 25 is_stmt 0 view .LVU72
 325 002e C023     		movs	r3, #192
 326 0030 0293     		str	r3, [sp, #8]
 165:Core/Src/stm32f1xx_hal_msp.c ****     GPIO_InitStruct.Speed = GPIO_SPEED_FREQ_HIGH;
 327              		.loc 1 165 5 is_stmt 1 view .LVU73
 165:Core/Src/stm32f1xx_hal_msp.c ****     GPIO_InitStruct.Speed = GPIO_SPEED_FREQ_HIGH;
 328              		.loc 1 165 26 is_stmt 0 view .LVU74
 329 0032 1223     		movs	r3, #18
 330 0034 0393     		str	r3, [sp, #12]
 166:Core/Src/stm32f1xx_hal_msp.c ****     HAL_GPIO_Init(GPIOB, &GPIO_InitStruct);
 331              		.loc 1 166 5 is_stmt 1 view .LVU75
 166:Core/Src/stm32f1xx_hal_msp.c ****     HAL_GPIO_Init(GPIOB, &GPIO_InitStruct);
 332              		.loc 1 166 27 is_stmt 0 view .LVU76
 333 0036 0323     		movs	r3, #3
 334 0038 0593     		str	r3, [sp, #20]
 167:Core/Src/stm32f1xx_hal_msp.c **** 
 335              		.loc 1 167 5 is_stmt 1 view .LVU77
 336 003a 02A9     		add	r1, sp, #8
 337 003c 0848     		ldr	r0, .L21+8
 338              	.LVL16:
 167:Core/Src/stm32f1xx_hal_msp.c **** 
 339              		.loc 1 167 5 is_stmt 0 view .LVU78
 340 003e FFF7FEFF 		bl	HAL_GPIO_Init
 341              	.LVL17:
 170:Core/Src/stm32f1xx_hal_msp.c ****     /* USER CODE BEGIN I2C1_MspInit 1 */
 342              		.loc 1 170 5 is_stmt 1 view .LVU79
 343              	.LBB8:
 170:Core/Src/stm32f1xx_hal_msp.c ****     /* USER CODE BEGIN I2C1_MspInit 1 */
 344              		.loc 1 170 5 view .LVU80
 170:Core/Src/stm32f1xx_hal_msp.c ****     /* USER CODE BEGIN I2C1_MspInit 1 */
 345              		.loc 1 170 5 view .LVU81
 346 0042 E369     		ldr	r3, [r4, #28]
 347 0044 43F40013 		orr	r3, r3, #2097152
 348 0048 E361     		str	r3, [r4, #28]
 170:Core/Src/stm32f1xx_hal_msp.c ****     /* USER CODE BEGIN I2C1_MspInit 1 */
 349              		.loc 1 170 5 view .LVU82
 350 004a E369     		ldr	r3, [r4, #28]
 351 004c 03F40013 		and	r3, r3, #2097152
 352 0050 0193     		str	r3, [sp, #4]
 170:Core/Src/stm32f1xx_hal_msp.c ****     /* USER CODE BEGIN I2C1_MspInit 1 */
 353              		.loc 1 170 5 view .LVU83
 354 0052 019B     		ldr	r3, [sp, #4]
 355              	.LBE8:
 170:Core/Src/stm32f1xx_hal_msp.c ****     /* USER CODE BEGIN I2C1_MspInit 1 */
 356              		.loc 1 170 5 view .LVU84
 357              		.loc 1 177 1 is_stmt 0 view .LVU85
 358 0054 DFE7     		b	.L17
 359              	.L22:
ARM GAS  /var/folders/y0/yl1wrqfd209ghqq3s8k8qc1m0000gn/T//ccVhTIF3.s 			page 11


 360 0056 00BF     		.align	2
 361              	.L21:
 362 0058 00540040 		.word	1073763328
 363 005c 00100240 		.word	1073876992
 364 0060 000C0140 		.word	1073810432
 365              		.cfi_endproc
 366              	.LFE68:
 368              		.section	.text.HAL_I2C_MspDeInit,"ax",%progbits
 369              		.align	1
 370              		.global	HAL_I2C_MspDeInit
 371              		.syntax unified
 372              		.thumb
 373              		.thumb_func
 375              	HAL_I2C_MspDeInit:
 376              	.LVL18:
 377              	.LFB69:
 178:Core/Src/stm32f1xx_hal_msp.c **** 
 179:Core/Src/stm32f1xx_hal_msp.c **** /**
 180:Core/Src/stm32f1xx_hal_msp.c ****   * @brief I2C MSP De-Initialization
 181:Core/Src/stm32f1xx_hal_msp.c ****   * This function freeze the hardware resources used in this example
 182:Core/Src/stm32f1xx_hal_msp.c ****   * @param hi2c: I2C handle pointer
 183:Core/Src/stm32f1xx_hal_msp.c ****   * @retval None
 184:Core/Src/stm32f1xx_hal_msp.c ****   */
 185:Core/Src/stm32f1xx_hal_msp.c **** void HAL_I2C_MspDeInit(I2C_HandleTypeDef* hi2c)
 186:Core/Src/stm32f1xx_hal_msp.c **** {
 378              		.loc 1 186 1 is_stmt 1 view -0
 379              		.cfi_startproc
 380              		@ args = 0, pretend = 0, frame = 0
 381              		@ frame_needed = 0, uses_anonymous_args = 0
 382              		.loc 1 186 1 is_stmt 0 view .LVU87
 383 0000 08B5     		push	{r3, lr}
 384              	.LCFI11:
 385              		.cfi_def_cfa_offset 8
 386              		.cfi_offset 3, -8
 387              		.cfi_offset 14, -4
 187:Core/Src/stm32f1xx_hal_msp.c ****   if(hi2c->Instance==I2C1)
 388              		.loc 1 187 3 is_stmt 1 view .LVU88
 389              		.loc 1 187 10 is_stmt 0 view .LVU89
 390 0002 0268     		ldr	r2, [r0]
 391              		.loc 1 187 5 view .LVU90
 392 0004 084B     		ldr	r3, .L27
 393 0006 9A42     		cmp	r2, r3
 394 0008 00D0     		beq	.L26
 395              	.LVL19:
 396              	.L23:
 188:Core/Src/stm32f1xx_hal_msp.c ****   {
 189:Core/Src/stm32f1xx_hal_msp.c ****     /* USER CODE BEGIN I2C1_MspDeInit 0 */
 190:Core/Src/stm32f1xx_hal_msp.c **** 
 191:Core/Src/stm32f1xx_hal_msp.c ****     /* USER CODE END I2C1_MspDeInit 0 */
 192:Core/Src/stm32f1xx_hal_msp.c ****     /* Peripheral clock disable */
 193:Core/Src/stm32f1xx_hal_msp.c ****     __HAL_RCC_I2C1_CLK_DISABLE();
 194:Core/Src/stm32f1xx_hal_msp.c **** 
 195:Core/Src/stm32f1xx_hal_msp.c ****     /**I2C1 GPIO Configuration
 196:Core/Src/stm32f1xx_hal_msp.c ****     PB6     ------> I2C1_SCL
 197:Core/Src/stm32f1xx_hal_msp.c ****     PB7     ------> I2C1_SDA
 198:Core/Src/stm32f1xx_hal_msp.c ****     */
 199:Core/Src/stm32f1xx_hal_msp.c ****     HAL_GPIO_DeInit(GPIOB, GPIO_PIN_6);
ARM GAS  /var/folders/y0/yl1wrqfd209ghqq3s8k8qc1m0000gn/T//ccVhTIF3.s 			page 12


 200:Core/Src/stm32f1xx_hal_msp.c **** 
 201:Core/Src/stm32f1xx_hal_msp.c ****     HAL_GPIO_DeInit(GPIOB, GPIO_PIN_7);
 202:Core/Src/stm32f1xx_hal_msp.c **** 
 203:Core/Src/stm32f1xx_hal_msp.c ****     /* USER CODE BEGIN I2C1_MspDeInit 1 */
 204:Core/Src/stm32f1xx_hal_msp.c **** 
 205:Core/Src/stm32f1xx_hal_msp.c ****     /* USER CODE END I2C1_MspDeInit 1 */
 206:Core/Src/stm32f1xx_hal_msp.c ****   }
 207:Core/Src/stm32f1xx_hal_msp.c **** 
 208:Core/Src/stm32f1xx_hal_msp.c **** }
 397              		.loc 1 208 1 view .LVU91
 398 000a 08BD     		pop	{r3, pc}
 399              	.LVL20:
 400              	.L26:
 193:Core/Src/stm32f1xx_hal_msp.c **** 
 401              		.loc 1 193 5 is_stmt 1 view .LVU92
 402 000c 074A     		ldr	r2, .L27+4
 403 000e D369     		ldr	r3, [r2, #28]
 404 0010 23F40013 		bic	r3, r3, #2097152
 405 0014 D361     		str	r3, [r2, #28]
 199:Core/Src/stm32f1xx_hal_msp.c **** 
 406              		.loc 1 199 5 view .LVU93
 407 0016 4021     		movs	r1, #64
 408 0018 0548     		ldr	r0, .L27+8
 409              	.LVL21:
 199:Core/Src/stm32f1xx_hal_msp.c **** 
 410              		.loc 1 199 5 is_stmt 0 view .LVU94
 411 001a FFF7FEFF 		bl	HAL_GPIO_DeInit
 412              	.LVL22:
 201:Core/Src/stm32f1xx_hal_msp.c **** 
 413              		.loc 1 201 5 is_stmt 1 view .LVU95
 414 001e 8021     		movs	r1, #128
 415 0020 0348     		ldr	r0, .L27+8
 416 0022 FFF7FEFF 		bl	HAL_GPIO_DeInit
 417              	.LVL23:
 418              		.loc 1 208 1 is_stmt 0 view .LVU96
 419 0026 F0E7     		b	.L23
 420              	.L28:
 421              		.align	2
 422              	.L27:
 423 0028 00540040 		.word	1073763328
 424 002c 00100240 		.word	1073876992
 425 0030 000C0140 		.word	1073810432
 426              		.cfi_endproc
 427              	.LFE69:
 429              		.text
 430              	.Letext0:
 431              		.file 2 "/Applications/ArmGNUToolchain/15.3.rel1/arm-none-eabi/arm-none-eabi/include/machine/_defa
 432              		.file 3 "/Applications/ArmGNUToolchain/15.3.rel1/arm-none-eabi/arm-none-eabi/include/sys/_stdint.h
 433              		.file 4 "Drivers/CMSIS/Device/ST/STM32F1xx/Include/stm32f103xb.h"
 434              		.file 5 "Drivers/CMSIS/Device/ST/STM32F1xx/Include/stm32f1xx.h"
 435              		.file 6 "Drivers/STM32F1xx_HAL_Driver/Inc/stm32f1xx_hal_def.h"
 436              		.file 7 "Drivers/STM32F1xx_HAL_Driver/Inc/stm32f1xx_hal_gpio.h"
 437              		.file 8 "Drivers/STM32F1xx_HAL_Driver/Inc/stm32f1xx_hal_dma.h"
 438              		.file 9 "Drivers/STM32F1xx_HAL_Driver/Inc/stm32f1xx_hal_adc.h"
 439              		.file 10 "Drivers/STM32F1xx_HAL_Driver/Inc/stm32f1xx_hal_i2c.h"
ARM GAS  /var/folders/y0/yl1wrqfd209ghqq3s8k8qc1m0000gn/T//ccVhTIF3.s 			page 13


DEFINED SYMBOLS
                            *ABS*:00000000 stm32f1xx_hal_msp.c
/var/folders/y0/yl1wrqfd209ghqq3s8k8qc1m0000gn/T//ccVhTIF3.s:19     .text.HAL_MspInit:00000000 $t
/var/folders/y0/yl1wrqfd209ghqq3s8k8qc1m0000gn/T//ccVhTIF3.s:25     .text.HAL_MspInit:00000000 HAL_MspInit
/var/folders/y0/yl1wrqfd209ghqq3s8k8qc1m0000gn/T//ccVhTIF3.s:91     .text.HAL_MspInit:0000003c $d
/var/folders/y0/yl1wrqfd209ghqq3s8k8qc1m0000gn/T//ccVhTIF3.s:97     .text.HAL_ADC_MspInit:00000000 $t
/var/folders/y0/yl1wrqfd209ghqq3s8k8qc1m0000gn/T//ccVhTIF3.s:103    .text.HAL_ADC_MspInit:00000000 HAL_ADC_MspInit
/var/folders/y0/yl1wrqfd209ghqq3s8k8qc1m0000gn/T//ccVhTIF3.s:196    .text.HAL_ADC_MspInit:00000054 $d
/var/folders/y0/yl1wrqfd209ghqq3s8k8qc1m0000gn/T//ccVhTIF3.s:202    .text.HAL_ADC_MspDeInit:00000000 $t
/var/folders/y0/yl1wrqfd209ghqq3s8k8qc1m0000gn/T//ccVhTIF3.s:208    .text.HAL_ADC_MspDeInit:00000000 HAL_ADC_MspDeInit
/var/folders/y0/yl1wrqfd209ghqq3s8k8qc1m0000gn/T//ccVhTIF3.s:251    .text.HAL_ADC_MspDeInit:00000020 $d
/var/folders/y0/yl1wrqfd209ghqq3s8k8qc1m0000gn/T//ccVhTIF3.s:258    .text.HAL_I2C_MspInit:00000000 $t
/var/folders/y0/yl1wrqfd209ghqq3s8k8qc1m0000gn/T//ccVhTIF3.s:264    .text.HAL_I2C_MspInit:00000000 HAL_I2C_MspInit
/var/folders/y0/yl1wrqfd209ghqq3s8k8qc1m0000gn/T//ccVhTIF3.s:362    .text.HAL_I2C_MspInit:00000058 $d
/var/folders/y0/yl1wrqfd209ghqq3s8k8qc1m0000gn/T//ccVhTIF3.s:369    .text.HAL_I2C_MspDeInit:00000000 $t
/var/folders/y0/yl1wrqfd209ghqq3s8k8qc1m0000gn/T//ccVhTIF3.s:375    .text.HAL_I2C_MspDeInit:00000000 HAL_I2C_MspDeInit
/var/folders/y0/yl1wrqfd209ghqq3s8k8qc1m0000gn/T//ccVhTIF3.s:423    .text.HAL_I2C_MspDeInit:00000028 $d

UNDEFINED SYMBOLS
HAL_GPIO_Init
HAL_GPIO_DeInit
