ARM GAS  /var/folders/y0/yl1wrqfd209ghqq3s8k8qc1m0000gn/T//ccgn2D1B.s 			page 1


   1              		.cpu cortex-m3
   2              		.arch armv7-m
   3              		.fpu softvfp
   4              		.eabi_attribute 20, 1
   5              		.eabi_attribute 21, 1
   6              		.eabi_attribute 23, 3
   7              		.eabi_attribute 24, 1
   8              		.eabi_attribute 25, 1
   9              		.eabi_attribute 26, 1
  10              		.eabi_attribute 30, 1
  11              		.eabi_attribute 34, 1
  12              		.eabi_attribute 18, 4
  13              		.file	"stm32f1xx_hal_msp.c"
  14              		.text
  15              	.Ltext0:
  16              		.cfi_sections	.debug_frame
  17              		.file 1 "Core/Src/stm32f1xx_hal_msp.c"
  18              		.section	.text.HAL_MspInit,"ax",%progbits
  19              		.align	1
  20              		.global	HAL_MspInit
  21              		.syntax unified
  22              		.thumb
  23              		.thumb_func
  25              	HAL_MspInit:
  26              	.LFB65:
   1:Core/Src/stm32f1xx_hal_msp.c **** /* USER CODE BEGIN Header */
   2:Core/Src/stm32f1xx_hal_msp.c **** /**
   3:Core/Src/stm32f1xx_hal_msp.c ****   ******************************************************************************
   4:Core/Src/stm32f1xx_hal_msp.c ****   * @file         stm32f1xx_hal_msp.c
   5:Core/Src/stm32f1xx_hal_msp.c ****   * @brief        This file provides code for the MSP Initialization
   6:Core/Src/stm32f1xx_hal_msp.c ****   *               and de-Initialization codes.
   7:Core/Src/stm32f1xx_hal_msp.c ****   ******************************************************************************
   8:Core/Src/stm32f1xx_hal_msp.c ****   * @attention
   9:Core/Src/stm32f1xx_hal_msp.c ****   *
  10:Core/Src/stm32f1xx_hal_msp.c ****   * Copyright (c) 2026 STMicroelectronics.
  11:Core/Src/stm32f1xx_hal_msp.c ****   * All rights reserved.
  12:Core/Src/stm32f1xx_hal_msp.c ****   *
  13:Core/Src/stm32f1xx_hal_msp.c ****   * This software is licensed under terms that can be found in the LICENSE file
  14:Core/Src/stm32f1xx_hal_msp.c ****   * in the root directory of this software component.
  15:Core/Src/stm32f1xx_hal_msp.c ****   * If no LICENSE file comes with this software, it is provided AS-IS.
  16:Core/Src/stm32f1xx_hal_msp.c ****   *
  17:Core/Src/stm32f1xx_hal_msp.c ****   ******************************************************************************
  18:Core/Src/stm32f1xx_hal_msp.c ****   */
  19:Core/Src/stm32f1xx_hal_msp.c **** /* USER CODE END Header */
  20:Core/Src/stm32f1xx_hal_msp.c **** /* Includes ------------------------------------------------------------------*/
  21:Core/Src/stm32f1xx_hal_msp.c **** #include "main.h"
  22:Core/Src/stm32f1xx_hal_msp.c **** /* USER CODE BEGIN Includes */
  23:Core/Src/stm32f1xx_hal_msp.c **** 
  24:Core/Src/stm32f1xx_hal_msp.c **** /* USER CODE END Includes */
  25:Core/Src/stm32f1xx_hal_msp.c **** 
  26:Core/Src/stm32f1xx_hal_msp.c **** /* Private typedef -----------------------------------------------------------*/
  27:Core/Src/stm32f1xx_hal_msp.c **** /* USER CODE BEGIN TD */
  28:Core/Src/stm32f1xx_hal_msp.c **** 
  29:Core/Src/stm32f1xx_hal_msp.c **** /* USER CODE END TD */
  30:Core/Src/stm32f1xx_hal_msp.c **** 
  31:Core/Src/stm32f1xx_hal_msp.c **** /* Private define ------------------------------------------------------------*/
  32:Core/Src/stm32f1xx_hal_msp.c **** /* USER CODE BEGIN Define */
ARM GAS  /var/folders/y0/yl1wrqfd209ghqq3s8k8qc1m0000gn/T//ccgn2D1B.s 			page 2


  33:Core/Src/stm32f1xx_hal_msp.c **** 
  34:Core/Src/stm32f1xx_hal_msp.c **** /* USER CODE END Define */
  35:Core/Src/stm32f1xx_hal_msp.c **** 
  36:Core/Src/stm32f1xx_hal_msp.c **** /* Private macro -------------------------------------------------------------*/
  37:Core/Src/stm32f1xx_hal_msp.c **** /* USER CODE BEGIN Macro */
  38:Core/Src/stm32f1xx_hal_msp.c **** 
  39:Core/Src/stm32f1xx_hal_msp.c **** /* USER CODE END Macro */
  40:Core/Src/stm32f1xx_hal_msp.c **** 
  41:Core/Src/stm32f1xx_hal_msp.c **** /* Private variables ---------------------------------------------------------*/
  42:Core/Src/stm32f1xx_hal_msp.c **** /* USER CODE BEGIN PV */
  43:Core/Src/stm32f1xx_hal_msp.c **** 
  44:Core/Src/stm32f1xx_hal_msp.c **** /* USER CODE END PV */
  45:Core/Src/stm32f1xx_hal_msp.c **** 
  46:Core/Src/stm32f1xx_hal_msp.c **** /* Private function prototypes -----------------------------------------------*/
  47:Core/Src/stm32f1xx_hal_msp.c **** /* USER CODE BEGIN PFP */
  48:Core/Src/stm32f1xx_hal_msp.c **** 
  49:Core/Src/stm32f1xx_hal_msp.c **** /* USER CODE END PFP */
  50:Core/Src/stm32f1xx_hal_msp.c **** 
  51:Core/Src/stm32f1xx_hal_msp.c **** /* External functions --------------------------------------------------------*/
  52:Core/Src/stm32f1xx_hal_msp.c **** /* USER CODE BEGIN ExternalFunctions */
  53:Core/Src/stm32f1xx_hal_msp.c **** 
  54:Core/Src/stm32f1xx_hal_msp.c **** /* USER CODE END ExternalFunctions */
  55:Core/Src/stm32f1xx_hal_msp.c **** 
  56:Core/Src/stm32f1xx_hal_msp.c **** /* USER CODE BEGIN 0 */
  57:Core/Src/stm32f1xx_hal_msp.c **** 
  58:Core/Src/stm32f1xx_hal_msp.c **** /* USER CODE END 0 */
  59:Core/Src/stm32f1xx_hal_msp.c **** /**
  60:Core/Src/stm32f1xx_hal_msp.c ****   * Initializes the Global MSP.
  61:Core/Src/stm32f1xx_hal_msp.c ****   */
  62:Core/Src/stm32f1xx_hal_msp.c **** void HAL_MspInit(void)
  63:Core/Src/stm32f1xx_hal_msp.c **** {
  27              		.loc 1 63 1 view -0
  28              		.cfi_startproc
  29              		@ args = 0, pretend = 0, frame = 8
  30              		@ frame_needed = 0, uses_anonymous_args = 0
  31              		@ link register save eliminated.
  32 0000 82B0     		sub	sp, sp, #8
  33              	.LCFI0:
  34              		.cfi_def_cfa_offset 8
  64:Core/Src/stm32f1xx_hal_msp.c **** 
  65:Core/Src/stm32f1xx_hal_msp.c ****   /* USER CODE BEGIN MspInit 0 */
  66:Core/Src/stm32f1xx_hal_msp.c **** 
  67:Core/Src/stm32f1xx_hal_msp.c ****   /* USER CODE END MspInit 0 */
  68:Core/Src/stm32f1xx_hal_msp.c **** 
  69:Core/Src/stm32f1xx_hal_msp.c ****   __HAL_RCC_AFIO_CLK_ENABLE();
  35              		.loc 1 69 3 view .LVU1
  36              	.LBB2:
  37              		.loc 1 69 3 view .LVU2
  38              		.loc 1 69 3 view .LVU3
  39 0002 114B     		ldr	r3, .L3
  40 0004 9A69     		ldr	r2, [r3, #24]
  41 0006 42F00102 		orr	r2, r2, #1
  42 000a 9A61     		str	r2, [r3, #24]
  43              		.loc 1 69 3 view .LVU4
  44 000c 9A69     		ldr	r2, [r3, #24]
  45 000e 02F00102 		and	r2, r2, #1
  46 0012 0092     		str	r2, [sp]
ARM GAS  /var/folders/y0/yl1wrqfd209ghqq3s8k8qc1m0000gn/T//ccgn2D1B.s 			page 3


  47              		.loc 1 69 3 view .LVU5
  48 0014 009A     		ldr	r2, [sp]
  49              	.LBE2:
  50              		.loc 1 69 3 view .LVU6
  70:Core/Src/stm32f1xx_hal_msp.c ****   __HAL_RCC_PWR_CLK_ENABLE();
  51              		.loc 1 70 3 view .LVU7
  52              	.LBB3:
  53              		.loc 1 70 3 view .LVU8
  54              		.loc 1 70 3 view .LVU9
  55 0016 DA69     		ldr	r2, [r3, #28]
  56 0018 42F08052 		orr	r2, r2, #268435456
  57 001c DA61     		str	r2, [r3, #28]
  58              		.loc 1 70 3 view .LVU10
  59 001e DB69     		ldr	r3, [r3, #28]
  60 0020 03F08053 		and	r3, r3, #268435456
  61 0024 0193     		str	r3, [sp, #4]
  62              		.loc 1 70 3 view .LVU11
  63 0026 019B     		ldr	r3, [sp, #4]
  64              	.LBE3:
  65              		.loc 1 70 3 view .LVU12
  71:Core/Src/stm32f1xx_hal_msp.c **** 
  72:Core/Src/stm32f1xx_hal_msp.c ****   /* System interrupt init*/
  73:Core/Src/stm32f1xx_hal_msp.c **** 
  74:Core/Src/stm32f1xx_hal_msp.c ****   /** DISABLE: JTAG-DP Disabled and SW-DP Disabled
  75:Core/Src/stm32f1xx_hal_msp.c ****   */
  76:Core/Src/stm32f1xx_hal_msp.c ****   __HAL_AFIO_REMAP_SWJ_DISABLE();
  66              		.loc 1 76 3 view .LVU13
  67              	.LBB4:
  68              		.loc 1 76 3 view .LVU14
  69 0028 084A     		ldr	r2, .L3+4
  70 002a 5368     		ldr	r3, [r2, #4]
  71              	.LVL0:
  72              		.loc 1 76 3 view .LVU15
  73 002c 23F0E063 		bic	r3, r3, #117440512
  74              	.LVL1:
  75              		.loc 1 76 3 view .LVU16
  76 0030 43F08063 		orr	r3, r3, #67108864
  77              	.LVL2:
  78              		.loc 1 76 3 view .LVU17
  79 0034 5360     		str	r3, [r2, #4]
  80              	.LBE4:
  81              		.loc 1 76 3 view .LVU18
  77:Core/Src/stm32f1xx_hal_msp.c **** 
  78:Core/Src/stm32f1xx_hal_msp.c ****   /* USER CODE BEGIN MspInit 1 */
  79:Core/Src/stm32f1xx_hal_msp.c ****   __HAL_AFIO_REMAP_SWJ_NOJTAG();
  82              		.loc 1 79 3 view .LVU19
  83              	.LBB5:
  84              		.loc 1 79 3 view .LVU20
  85 0036 5368     		ldr	r3, [r2, #4]
  86              	.LVL3:
  87              		.loc 1 79 3 view .LVU21
  88 0038 23F0E063 		bic	r3, r3, #117440512
  89              	.LVL4:
  90              		.loc 1 79 3 view .LVU22
  91 003c 43F00073 		orr	r3, r3, #33554432
  92              	.LVL5:
  93              		.loc 1 79 3 view .LVU23
ARM GAS  /var/folders/y0/yl1wrqfd209ghqq3s8k8qc1m0000gn/T//ccgn2D1B.s 			page 4


  94 0040 5360     		str	r3, [r2, #4]
  95              	.LVL6:
  96              		.loc 1 79 3 is_stmt 0 view .LVU24
  97              	.LBE5:
  98              		.loc 1 79 3 is_stmt 1 view .LVU25
  80:Core/Src/stm32f1xx_hal_msp.c ****   /* USER CODE END MspInit 1 */
  81:Core/Src/stm32f1xx_hal_msp.c **** }
  99              		.loc 1 81 1 is_stmt 0 view .LVU26
 100 0042 02B0     		add	sp, sp, #8
 101              	.LCFI1:
 102              		.cfi_def_cfa_offset 0
 103              		@ sp needed
 104 0044 7047     		bx	lr
 105              	.L4:
 106 0046 00BF     		.align	2
 107              	.L3:
 108 0048 00100240 		.word	1073876992
 109 004c 00000140 		.word	1073807360
 110              		.cfi_endproc
 111              	.LFE65:
 113              		.section	.text.HAL_ADC_MspInit,"ax",%progbits
 114              		.align	1
 115              		.global	HAL_ADC_MspInit
 116              		.syntax unified
 117              		.thumb
 118              		.thumb_func
 120              	HAL_ADC_MspInit:
 121              	.LVL7:
 122              	.LFB66:
  82:Core/Src/stm32f1xx_hal_msp.c **** 
  83:Core/Src/stm32f1xx_hal_msp.c **** /**
  84:Core/Src/stm32f1xx_hal_msp.c ****   * @brief ADC MSP Initialization
  85:Core/Src/stm32f1xx_hal_msp.c ****   * This function configures the hardware resources used in this example
  86:Core/Src/stm32f1xx_hal_msp.c ****   * @param hadc: ADC handle pointer
  87:Core/Src/stm32f1xx_hal_msp.c ****   * @retval None
  88:Core/Src/stm32f1xx_hal_msp.c ****   */
  89:Core/Src/stm32f1xx_hal_msp.c **** void HAL_ADC_MspInit(ADC_HandleTypeDef* hadc)
  90:Core/Src/stm32f1xx_hal_msp.c **** {
 123              		.loc 1 90 1 is_stmt 1 view -0
 124              		.cfi_startproc
 125              		@ args = 0, pretend = 0, frame = 24
 126              		@ frame_needed = 0, uses_anonymous_args = 0
 127              		.loc 1 90 1 is_stmt 0 view .LVU28
 128 0000 00B5     		push	{lr}
 129              	.LCFI2:
 130              		.cfi_def_cfa_offset 4
 131              		.cfi_offset 14, -4
 132 0002 87B0     		sub	sp, sp, #28
 133              	.LCFI3:
 134              		.cfi_def_cfa_offset 32
  91:Core/Src/stm32f1xx_hal_msp.c ****   GPIO_InitTypeDef GPIO_InitStruct = {0};
 135              		.loc 1 91 3 is_stmt 1 view .LVU29
 136              		.loc 1 91 20 is_stmt 0 view .LVU30
 137 0004 0023     		movs	r3, #0
 138 0006 0293     		str	r3, [sp, #8]
 139 0008 0393     		str	r3, [sp, #12]
 140 000a 0493     		str	r3, [sp, #16]
ARM GAS  /var/folders/y0/yl1wrqfd209ghqq3s8k8qc1m0000gn/T//ccgn2D1B.s 			page 5


 141 000c 0593     		str	r3, [sp, #20]
  92:Core/Src/stm32f1xx_hal_msp.c ****   if(hadc->Instance==ADC1)
 142              		.loc 1 92 3 is_stmt 1 view .LVU31
 143              		.loc 1 92 10 is_stmt 0 view .LVU32
 144 000e 0268     		ldr	r2, [r0]
 145              		.loc 1 92 5 view .LVU33
 146 0010 104B     		ldr	r3, .L9
 147 0012 9A42     		cmp	r2, r3
 148 0014 01D0     		beq	.L8
 149              	.LVL8:
 150              	.L5:
  93:Core/Src/stm32f1xx_hal_msp.c ****   {
  94:Core/Src/stm32f1xx_hal_msp.c ****     /* USER CODE BEGIN ADC1_MspInit 0 */
  95:Core/Src/stm32f1xx_hal_msp.c **** 
  96:Core/Src/stm32f1xx_hal_msp.c ****     /* USER CODE END ADC1_MspInit 0 */
  97:Core/Src/stm32f1xx_hal_msp.c ****     /* Peripheral clock enable */
  98:Core/Src/stm32f1xx_hal_msp.c ****     __HAL_RCC_ADC1_CLK_ENABLE();
  99:Core/Src/stm32f1xx_hal_msp.c **** 
 100:Core/Src/stm32f1xx_hal_msp.c ****     __HAL_RCC_GPIOA_CLK_ENABLE();
 101:Core/Src/stm32f1xx_hal_msp.c ****     /**ADC1 GPIO Configuration
 102:Core/Src/stm32f1xx_hal_msp.c ****     PA0-WKUP     ------> ADC1_IN0
 103:Core/Src/stm32f1xx_hal_msp.c ****     */
 104:Core/Src/stm32f1xx_hal_msp.c ****     GPIO_InitStruct.Pin = AO_input_Pin;
 105:Core/Src/stm32f1xx_hal_msp.c ****     GPIO_InitStruct.Mode = GPIO_MODE_ANALOG;
 106:Core/Src/stm32f1xx_hal_msp.c ****     HAL_GPIO_Init(AO_input_GPIO_Port, &GPIO_InitStruct);
 107:Core/Src/stm32f1xx_hal_msp.c **** 
 108:Core/Src/stm32f1xx_hal_msp.c ****     /* USER CODE BEGIN ADC1_MspInit 1 */
 109:Core/Src/stm32f1xx_hal_msp.c **** 
 110:Core/Src/stm32f1xx_hal_msp.c ****     /* USER CODE END ADC1_MspInit 1 */
 111:Core/Src/stm32f1xx_hal_msp.c **** 
 112:Core/Src/stm32f1xx_hal_msp.c ****   }
 113:Core/Src/stm32f1xx_hal_msp.c **** 
 114:Core/Src/stm32f1xx_hal_msp.c **** }
 151              		.loc 1 114 1 view .LVU34
 152 0016 07B0     		add	sp, sp, #28
 153              	.LCFI4:
 154              		.cfi_remember_state
 155              		.cfi_def_cfa_offset 4
 156              		@ sp needed
 157 0018 00BD     		pop	{pc}
 158              	.LVL9:
 159              	.L8:
 160              	.LCFI5:
 161              		.cfi_restore_state
  98:Core/Src/stm32f1xx_hal_msp.c **** 
 162              		.loc 1 98 5 is_stmt 1 view .LVU35
 163              	.LBB6:
  98:Core/Src/stm32f1xx_hal_msp.c **** 
 164              		.loc 1 98 5 view .LVU36
  98:Core/Src/stm32f1xx_hal_msp.c **** 
 165              		.loc 1 98 5 view .LVU37
 166 001a 03F56C43 		add	r3, r3, #60416
 167 001e 9A69     		ldr	r2, [r3, #24]
 168 0020 42F40072 		orr	r2, r2, #512
 169 0024 9A61     		str	r2, [r3, #24]
  98:Core/Src/stm32f1xx_hal_msp.c **** 
 170              		.loc 1 98 5 view .LVU38
ARM GAS  /var/folders/y0/yl1wrqfd209ghqq3s8k8qc1m0000gn/T//ccgn2D1B.s 			page 6


 171 0026 9A69     		ldr	r2, [r3, #24]
 172 0028 02F40072 		and	r2, r2, #512
 173 002c 0092     		str	r2, [sp]
  98:Core/Src/stm32f1xx_hal_msp.c **** 
 174              		.loc 1 98 5 view .LVU39
 175 002e 009A     		ldr	r2, [sp]
 176              	.LBE6:
  98:Core/Src/stm32f1xx_hal_msp.c **** 
 177              		.loc 1 98 5 view .LVU40
 100:Core/Src/stm32f1xx_hal_msp.c ****     /**ADC1 GPIO Configuration
 178              		.loc 1 100 5 view .LVU41
 179              	.LBB7:
 100:Core/Src/stm32f1xx_hal_msp.c ****     /**ADC1 GPIO Configuration
 180              		.loc 1 100 5 view .LVU42
 100:Core/Src/stm32f1xx_hal_msp.c ****     /**ADC1 GPIO Configuration
 181              		.loc 1 100 5 view .LVU43
 182 0030 9A69     		ldr	r2, [r3, #24]
 183 0032 42F00402 		orr	r2, r2, #4
 184 0036 9A61     		str	r2, [r3, #24]
 100:Core/Src/stm32f1xx_hal_msp.c ****     /**ADC1 GPIO Configuration
 185              		.loc 1 100 5 view .LVU44
 186 0038 9B69     		ldr	r3, [r3, #24]
 187 003a 03F00403 		and	r3, r3, #4
 188 003e 0193     		str	r3, [sp, #4]
 100:Core/Src/stm32f1xx_hal_msp.c ****     /**ADC1 GPIO Configuration
 189              		.loc 1 100 5 view .LVU45
 190 0040 019B     		ldr	r3, [sp, #4]
 191              	.LBE7:
 100:Core/Src/stm32f1xx_hal_msp.c ****     /**ADC1 GPIO Configuration
 192              		.loc 1 100 5 view .LVU46
 104:Core/Src/stm32f1xx_hal_msp.c ****     GPIO_InitStruct.Mode = GPIO_MODE_ANALOG;
 193              		.loc 1 104 5 view .LVU47
 104:Core/Src/stm32f1xx_hal_msp.c ****     GPIO_InitStruct.Mode = GPIO_MODE_ANALOG;
 194              		.loc 1 104 25 is_stmt 0 view .LVU48
 195 0042 0123     		movs	r3, #1
 196 0044 0293     		str	r3, [sp, #8]
 105:Core/Src/stm32f1xx_hal_msp.c ****     HAL_GPIO_Init(AO_input_GPIO_Port, &GPIO_InitStruct);
 197              		.loc 1 105 5 is_stmt 1 view .LVU49
 105:Core/Src/stm32f1xx_hal_msp.c ****     HAL_GPIO_Init(AO_input_GPIO_Port, &GPIO_InitStruct);
 198              		.loc 1 105 26 is_stmt 0 view .LVU50
 199 0046 0323     		movs	r3, #3
 200 0048 0393     		str	r3, [sp, #12]
 106:Core/Src/stm32f1xx_hal_msp.c **** 
 201              		.loc 1 106 5 is_stmt 1 view .LVU51
 202 004a 02A9     		add	r1, sp, #8
 203 004c 0248     		ldr	r0, .L9+4
 204              	.LVL10:
 106:Core/Src/stm32f1xx_hal_msp.c **** 
 205              		.loc 1 106 5 is_stmt 0 view .LVU52
 206 004e FFF7FEFF 		bl	HAL_GPIO_Init
 207              	.LVL11:
 208              		.loc 1 114 1 view .LVU53
 209 0052 E0E7     		b	.L5
 210              	.L10:
 211              		.align	2
 212              	.L9:
 213 0054 00240140 		.word	1073816576
ARM GAS  /var/folders/y0/yl1wrqfd209ghqq3s8k8qc1m0000gn/T//ccgn2D1B.s 			page 7


 214 0058 00080140 		.word	1073809408
 215              		.cfi_endproc
 216              	.LFE66:
 218              		.section	.text.HAL_ADC_MspDeInit,"ax",%progbits
 219              		.align	1
 220              		.global	HAL_ADC_MspDeInit
 221              		.syntax unified
 222              		.thumb
 223              		.thumb_func
 225              	HAL_ADC_MspDeInit:
 226              	.LVL12:
 227              	.LFB67:
 115:Core/Src/stm32f1xx_hal_msp.c **** 
 116:Core/Src/stm32f1xx_hal_msp.c **** /**
 117:Core/Src/stm32f1xx_hal_msp.c ****   * @brief ADC MSP De-Initialization
 118:Core/Src/stm32f1xx_hal_msp.c ****   * This function freeze the hardware resources used in this example
 119:Core/Src/stm32f1xx_hal_msp.c ****   * @param hadc: ADC handle pointer
 120:Core/Src/stm32f1xx_hal_msp.c ****   * @retval None
 121:Core/Src/stm32f1xx_hal_msp.c ****   */
 122:Core/Src/stm32f1xx_hal_msp.c **** void HAL_ADC_MspDeInit(ADC_HandleTypeDef* hadc)
 123:Core/Src/stm32f1xx_hal_msp.c **** {
 228              		.loc 1 123 1 is_stmt 1 view -0
 229              		.cfi_startproc
 230              		@ args = 0, pretend = 0, frame = 0
 231              		@ frame_needed = 0, uses_anonymous_args = 0
 232              		.loc 1 123 1 is_stmt 0 view .LVU55
 233 0000 08B5     		push	{r3, lr}
 234              	.LCFI6:
 235              		.cfi_def_cfa_offset 8
 236              		.cfi_offset 3, -8
 237              		.cfi_offset 14, -4
 124:Core/Src/stm32f1xx_hal_msp.c ****   if(hadc->Instance==ADC1)
 238              		.loc 1 124 3 is_stmt 1 view .LVU56
 239              		.loc 1 124 10 is_stmt 0 view .LVU57
 240 0002 0268     		ldr	r2, [r0]
 241              		.loc 1 124 5 view .LVU58
 242 0004 064B     		ldr	r3, .L15
 243 0006 9A42     		cmp	r2, r3
 244 0008 00D0     		beq	.L14
 245              	.LVL13:
 246              	.L11:
 125:Core/Src/stm32f1xx_hal_msp.c ****   {
 126:Core/Src/stm32f1xx_hal_msp.c ****     /* USER CODE BEGIN ADC1_MspDeInit 0 */
 127:Core/Src/stm32f1xx_hal_msp.c **** 
 128:Core/Src/stm32f1xx_hal_msp.c ****     /* USER CODE END ADC1_MspDeInit 0 */
 129:Core/Src/stm32f1xx_hal_msp.c ****     /* Peripheral clock disable */
 130:Core/Src/stm32f1xx_hal_msp.c ****     __HAL_RCC_ADC1_CLK_DISABLE();
 131:Core/Src/stm32f1xx_hal_msp.c **** 
 132:Core/Src/stm32f1xx_hal_msp.c ****     /**ADC1 GPIO Configuration
 133:Core/Src/stm32f1xx_hal_msp.c ****     PA0-WKUP     ------> ADC1_IN0
 134:Core/Src/stm32f1xx_hal_msp.c ****     */
 135:Core/Src/stm32f1xx_hal_msp.c ****     HAL_GPIO_DeInit(AO_input_GPIO_Port, AO_input_Pin);
 136:Core/Src/stm32f1xx_hal_msp.c **** 
 137:Core/Src/stm32f1xx_hal_msp.c ****     /* USER CODE BEGIN ADC1_MspDeInit 1 */
 138:Core/Src/stm32f1xx_hal_msp.c **** 
 139:Core/Src/stm32f1xx_hal_msp.c ****     /* USER CODE END ADC1_MspDeInit 1 */
 140:Core/Src/stm32f1xx_hal_msp.c ****   }
ARM GAS  /var/folders/y0/yl1wrqfd209ghqq3s8k8qc1m0000gn/T//ccgn2D1B.s 			page 8


 141:Core/Src/stm32f1xx_hal_msp.c **** 
 142:Core/Src/stm32f1xx_hal_msp.c **** }
 247              		.loc 1 142 1 view .LVU59
 248 000a 08BD     		pop	{r3, pc}
 249              	.LVL14:
 250              	.L14:
 130:Core/Src/stm32f1xx_hal_msp.c **** 
 251              		.loc 1 130 5 is_stmt 1 view .LVU60
 252 000c 054A     		ldr	r2, .L15+4
 253 000e 9369     		ldr	r3, [r2, #24]
 254 0010 23F40073 		bic	r3, r3, #512
 255 0014 9361     		str	r3, [r2, #24]
 135:Core/Src/stm32f1xx_hal_msp.c **** 
 256              		.loc 1 135 5 view .LVU61
 257 0016 0121     		movs	r1, #1
 258 0018 0348     		ldr	r0, .L15+8
 259              	.LVL15:
 135:Core/Src/stm32f1xx_hal_msp.c **** 
 260              		.loc 1 135 5 is_stmt 0 view .LVU62
 261 001a FFF7FEFF 		bl	HAL_GPIO_DeInit
 262              	.LVL16:
 263              		.loc 1 142 1 view .LVU63
 264 001e F4E7     		b	.L11
 265              	.L16:
 266              		.align	2
 267              	.L15:
 268 0020 00240140 		.word	1073816576
 269 0024 00100240 		.word	1073876992
 270 0028 00080140 		.word	1073809408
 271              		.cfi_endproc
 272              	.LFE67:
 274              		.section	.text.HAL_I2C_MspInit,"ax",%progbits
 275              		.align	1
 276              		.global	HAL_I2C_MspInit
 277              		.syntax unified
 278              		.thumb
 279              		.thumb_func
 281              	HAL_I2C_MspInit:
 282              	.LVL17:
 283              	.LFB68:
 143:Core/Src/stm32f1xx_hal_msp.c **** 
 144:Core/Src/stm32f1xx_hal_msp.c **** /**
 145:Core/Src/stm32f1xx_hal_msp.c ****   * @brief I2C MSP Initialization
 146:Core/Src/stm32f1xx_hal_msp.c ****   * This function configures the hardware resources used in this example
 147:Core/Src/stm32f1xx_hal_msp.c ****   * @param hi2c: I2C handle pointer
 148:Core/Src/stm32f1xx_hal_msp.c ****   * @retval None
 149:Core/Src/stm32f1xx_hal_msp.c ****   */
 150:Core/Src/stm32f1xx_hal_msp.c **** void HAL_I2C_MspInit(I2C_HandleTypeDef* hi2c)
 151:Core/Src/stm32f1xx_hal_msp.c **** {
 284              		.loc 1 151 1 is_stmt 1 view -0
 285              		.cfi_startproc
 286              		@ args = 0, pretend = 0, frame = 32
 287              		@ frame_needed = 0, uses_anonymous_args = 0
 288              		.loc 1 151 1 is_stmt 0 view .LVU65
 289 0000 10B5     		push	{r4, lr}
 290              	.LCFI7:
 291              		.cfi_def_cfa_offset 8
ARM GAS  /var/folders/y0/yl1wrqfd209ghqq3s8k8qc1m0000gn/T//ccgn2D1B.s 			page 9


 292              		.cfi_offset 4, -8
 293              		.cfi_offset 14, -4
 294 0002 88B0     		sub	sp, sp, #32
 295              	.LCFI8:
 296              		.cfi_def_cfa_offset 40
 152:Core/Src/stm32f1xx_hal_msp.c ****   GPIO_InitTypeDef GPIO_InitStruct = {0};
 297              		.loc 1 152 3 is_stmt 1 view .LVU66
 298              		.loc 1 152 20 is_stmt 0 view .LVU67
 299 0004 0023     		movs	r3, #0
 300 0006 0493     		str	r3, [sp, #16]
 301 0008 0593     		str	r3, [sp, #20]
 302 000a 0693     		str	r3, [sp, #24]
 303 000c 0793     		str	r3, [sp, #28]
 153:Core/Src/stm32f1xx_hal_msp.c ****   if(hi2c->Instance==I2C1)
 304              		.loc 1 153 3 is_stmt 1 view .LVU68
 305              		.loc 1 153 10 is_stmt 0 view .LVU69
 306 000e 0368     		ldr	r3, [r0]
 307              		.loc 1 153 5 view .LVU70
 308 0010 224A     		ldr	r2, .L23
 309 0012 9342     		cmp	r3, r2
 310 0014 04D0     		beq	.L21
 154:Core/Src/stm32f1xx_hal_msp.c ****   {
 155:Core/Src/stm32f1xx_hal_msp.c ****     /* USER CODE BEGIN I2C1_MspInit 0 */
 156:Core/Src/stm32f1xx_hal_msp.c **** 
 157:Core/Src/stm32f1xx_hal_msp.c ****     /* USER CODE END I2C1_MspInit 0 */
 158:Core/Src/stm32f1xx_hal_msp.c **** 
 159:Core/Src/stm32f1xx_hal_msp.c ****     __HAL_RCC_GPIOB_CLK_ENABLE();
 160:Core/Src/stm32f1xx_hal_msp.c ****     /**I2C1 GPIO Configuration
 161:Core/Src/stm32f1xx_hal_msp.c ****     PB6     ------> I2C1_SCL
 162:Core/Src/stm32f1xx_hal_msp.c ****     PB7     ------> I2C1_SDA
 163:Core/Src/stm32f1xx_hal_msp.c ****     */
 164:Core/Src/stm32f1xx_hal_msp.c ****     GPIO_InitStruct.Pin = GPIO_PIN_6|GPIO_PIN_7;
 165:Core/Src/stm32f1xx_hal_msp.c ****     GPIO_InitStruct.Mode = GPIO_MODE_AF_OD;
 166:Core/Src/stm32f1xx_hal_msp.c ****     GPIO_InitStruct.Speed = GPIO_SPEED_FREQ_HIGH;
 167:Core/Src/stm32f1xx_hal_msp.c ****     HAL_GPIO_Init(GPIOB, &GPIO_InitStruct);
 168:Core/Src/stm32f1xx_hal_msp.c **** 
 169:Core/Src/stm32f1xx_hal_msp.c ****     /* Peripheral clock enable */
 170:Core/Src/stm32f1xx_hal_msp.c ****     __HAL_RCC_I2C1_CLK_ENABLE();
 171:Core/Src/stm32f1xx_hal_msp.c ****     /* USER CODE BEGIN I2C1_MspInit 1 */
 172:Core/Src/stm32f1xx_hal_msp.c **** 
 173:Core/Src/stm32f1xx_hal_msp.c ****     /* USER CODE END I2C1_MspInit 1 */
 174:Core/Src/stm32f1xx_hal_msp.c ****   }
 175:Core/Src/stm32f1xx_hal_msp.c ****   else if(hi2c->Instance==I2C2)
 311              		.loc 1 175 8 is_stmt 1 view .LVU71
 312              		.loc 1 175 10 is_stmt 0 view .LVU72
 313 0016 224A     		ldr	r2, .L23+4
 314 0018 9342     		cmp	r3, r2
 315 001a 1FD0     		beq	.L22
 316              	.LVL18:
 317              	.L17:
 176:Core/Src/stm32f1xx_hal_msp.c ****   {
 177:Core/Src/stm32f1xx_hal_msp.c ****     /* USER CODE BEGIN I2C2_MspInit 0 */
 178:Core/Src/stm32f1xx_hal_msp.c **** 
 179:Core/Src/stm32f1xx_hal_msp.c ****     /* USER CODE END I2C2_MspInit 0 */
 180:Core/Src/stm32f1xx_hal_msp.c **** 
 181:Core/Src/stm32f1xx_hal_msp.c ****     __HAL_RCC_GPIOB_CLK_ENABLE();
 182:Core/Src/stm32f1xx_hal_msp.c ****     /**I2C2 GPIO Configuration
ARM GAS  /var/folders/y0/yl1wrqfd209ghqq3s8k8qc1m0000gn/T//ccgn2D1B.s 			page 10


 183:Core/Src/stm32f1xx_hal_msp.c ****     PB10     ------> I2C2_SCL
 184:Core/Src/stm32f1xx_hal_msp.c ****     PB11     ------> I2C2_SDA
 185:Core/Src/stm32f1xx_hal_msp.c ****     */
 186:Core/Src/stm32f1xx_hal_msp.c ****     GPIO_InitStruct.Pin = GPIO_PIN_10|GPIO_PIN_11;
 187:Core/Src/stm32f1xx_hal_msp.c ****     GPIO_InitStruct.Mode = GPIO_MODE_AF_OD;
 188:Core/Src/stm32f1xx_hal_msp.c ****     GPIO_InitStruct.Speed = GPIO_SPEED_FREQ_HIGH;
 189:Core/Src/stm32f1xx_hal_msp.c ****     HAL_GPIO_Init(GPIOB, &GPIO_InitStruct);
 190:Core/Src/stm32f1xx_hal_msp.c **** 
 191:Core/Src/stm32f1xx_hal_msp.c ****     /* Peripheral clock enable */
 192:Core/Src/stm32f1xx_hal_msp.c ****     __HAL_RCC_I2C2_CLK_ENABLE();
 193:Core/Src/stm32f1xx_hal_msp.c ****     /* USER CODE BEGIN I2C2_MspInit 1 */
 194:Core/Src/stm32f1xx_hal_msp.c **** 
 195:Core/Src/stm32f1xx_hal_msp.c ****     /* USER CODE END I2C2_MspInit 1 */
 196:Core/Src/stm32f1xx_hal_msp.c ****   }
 197:Core/Src/stm32f1xx_hal_msp.c **** 
 198:Core/Src/stm32f1xx_hal_msp.c **** }
 318              		.loc 1 198 1 view .LVU73
 319 001c 08B0     		add	sp, sp, #32
 320              	.LCFI9:
 321              		.cfi_remember_state
 322              		.cfi_def_cfa_offset 8
 323              		@ sp needed
 324 001e 10BD     		pop	{r4, pc}
 325              	.LVL19:
 326              	.L21:
 327              	.LCFI10:
 328              		.cfi_restore_state
 159:Core/Src/stm32f1xx_hal_msp.c ****     /**I2C1 GPIO Configuration
 329              		.loc 1 159 5 is_stmt 1 view .LVU74
 330              	.LBB8:
 159:Core/Src/stm32f1xx_hal_msp.c ****     /**I2C1 GPIO Configuration
 331              		.loc 1 159 5 view .LVU75
 159:Core/Src/stm32f1xx_hal_msp.c ****     /**I2C1 GPIO Configuration
 332              		.loc 1 159 5 view .LVU76
 333 0020 204C     		ldr	r4, .L23+8
 334 0022 A369     		ldr	r3, [r4, #24]
 335 0024 43F00803 		orr	r3, r3, #8
 336 0028 A361     		str	r3, [r4, #24]
 159:Core/Src/stm32f1xx_hal_msp.c ****     /**I2C1 GPIO Configuration
 337              		.loc 1 159 5 view .LVU77
 338 002a A369     		ldr	r3, [r4, #24]
 339 002c 03F00803 		and	r3, r3, #8
 340 0030 0093     		str	r3, [sp]
 159:Core/Src/stm32f1xx_hal_msp.c ****     /**I2C1 GPIO Configuration
 341              		.loc 1 159 5 view .LVU78
 342 0032 009B     		ldr	r3, [sp]
 343              	.LBE8:
 159:Core/Src/stm32f1xx_hal_msp.c ****     /**I2C1 GPIO Configuration
 344              		.loc 1 159 5 view .LVU79
 164:Core/Src/stm32f1xx_hal_msp.c ****     GPIO_InitStruct.Mode = GPIO_MODE_AF_OD;
 345              		.loc 1 164 5 view .LVU80
 164:Core/Src/stm32f1xx_hal_msp.c ****     GPIO_InitStruct.Mode = GPIO_MODE_AF_OD;
 346              		.loc 1 164 25 is_stmt 0 view .LVU81
 347 0034 C023     		movs	r3, #192
 348 0036 0493     		str	r3, [sp, #16]
 165:Core/Src/stm32f1xx_hal_msp.c ****     GPIO_InitStruct.Speed = GPIO_SPEED_FREQ_HIGH;
 349              		.loc 1 165 5 is_stmt 1 view .LVU82
ARM GAS  /var/folders/y0/yl1wrqfd209ghqq3s8k8qc1m0000gn/T//ccgn2D1B.s 			page 11


 165:Core/Src/stm32f1xx_hal_msp.c ****     GPIO_InitStruct.Speed = GPIO_SPEED_FREQ_HIGH;
 350              		.loc 1 165 26 is_stmt 0 view .LVU83
 351 0038 1223     		movs	r3, #18
 352 003a 0593     		str	r3, [sp, #20]
 166:Core/Src/stm32f1xx_hal_msp.c ****     HAL_GPIO_Init(GPIOB, &GPIO_InitStruct);
 353              		.loc 1 166 5 is_stmt 1 view .LVU84
 166:Core/Src/stm32f1xx_hal_msp.c ****     HAL_GPIO_Init(GPIOB, &GPIO_InitStruct);
 354              		.loc 1 166 27 is_stmt 0 view .LVU85
 355 003c 0323     		movs	r3, #3
 356 003e 0793     		str	r3, [sp, #28]
 167:Core/Src/stm32f1xx_hal_msp.c **** 
 357              		.loc 1 167 5 is_stmt 1 view .LVU86
 358 0040 04A9     		add	r1, sp, #16
 359 0042 1948     		ldr	r0, .L23+12
 360              	.LVL20:
 167:Core/Src/stm32f1xx_hal_msp.c **** 
 361              		.loc 1 167 5 is_stmt 0 view .LVU87
 362 0044 FFF7FEFF 		bl	HAL_GPIO_Init
 363              	.LVL21:
 170:Core/Src/stm32f1xx_hal_msp.c ****     /* USER CODE BEGIN I2C1_MspInit 1 */
 364              		.loc 1 170 5 is_stmt 1 view .LVU88
 365              	.LBB9:
 170:Core/Src/stm32f1xx_hal_msp.c ****     /* USER CODE BEGIN I2C1_MspInit 1 */
 366              		.loc 1 170 5 view .LVU89
 170:Core/Src/stm32f1xx_hal_msp.c ****     /* USER CODE BEGIN I2C1_MspInit 1 */
 367              		.loc 1 170 5 view .LVU90
 368 0048 E369     		ldr	r3, [r4, #28]
 369 004a 43F40013 		orr	r3, r3, #2097152
 370 004e E361     		str	r3, [r4, #28]
 170:Core/Src/stm32f1xx_hal_msp.c ****     /* USER CODE BEGIN I2C1_MspInit 1 */
 371              		.loc 1 170 5 view .LVU91
 372 0050 E369     		ldr	r3, [r4, #28]
 373 0052 03F40013 		and	r3, r3, #2097152
 374 0056 0193     		str	r3, [sp, #4]
 170:Core/Src/stm32f1xx_hal_msp.c ****     /* USER CODE BEGIN I2C1_MspInit 1 */
 375              		.loc 1 170 5 view .LVU92
 376 0058 019B     		ldr	r3, [sp, #4]
 377              	.LBE9:
 170:Core/Src/stm32f1xx_hal_msp.c ****     /* USER CODE BEGIN I2C1_MspInit 1 */
 378              		.loc 1 170 5 view .LVU93
 379 005a DFE7     		b	.L17
 380              	.LVL22:
 381              	.L22:
 181:Core/Src/stm32f1xx_hal_msp.c ****     /**I2C2 GPIO Configuration
 382              		.loc 1 181 5 view .LVU94
 383              	.LBB10:
 181:Core/Src/stm32f1xx_hal_msp.c ****     /**I2C2 GPIO Configuration
 384              		.loc 1 181 5 view .LVU95
 181:Core/Src/stm32f1xx_hal_msp.c ****     /**I2C2 GPIO Configuration
 385              		.loc 1 181 5 view .LVU96
 386 005c 114C     		ldr	r4, .L23+8
 387 005e A369     		ldr	r3, [r4, #24]
 388 0060 43F00803 		orr	r3, r3, #8
 389 0064 A361     		str	r3, [r4, #24]
 181:Core/Src/stm32f1xx_hal_msp.c ****     /**I2C2 GPIO Configuration
 390              		.loc 1 181 5 view .LVU97
 391 0066 A369     		ldr	r3, [r4, #24]
ARM GAS  /var/folders/y0/yl1wrqfd209ghqq3s8k8qc1m0000gn/T//ccgn2D1B.s 			page 12


 392 0068 03F00803 		and	r3, r3, #8
 393 006c 0293     		str	r3, [sp, #8]
 181:Core/Src/stm32f1xx_hal_msp.c ****     /**I2C2 GPIO Configuration
 394              		.loc 1 181 5 view .LVU98
 395 006e 029B     		ldr	r3, [sp, #8]
 396              	.LBE10:
 181:Core/Src/stm32f1xx_hal_msp.c ****     /**I2C2 GPIO Configuration
 397              		.loc 1 181 5 view .LVU99
 186:Core/Src/stm32f1xx_hal_msp.c ****     GPIO_InitStruct.Mode = GPIO_MODE_AF_OD;
 398              		.loc 1 186 5 view .LVU100
 186:Core/Src/stm32f1xx_hal_msp.c ****     GPIO_InitStruct.Mode = GPIO_MODE_AF_OD;
 399              		.loc 1 186 25 is_stmt 0 view .LVU101
 400 0070 4FF44063 		mov	r3, #3072
 401 0074 0493     		str	r3, [sp, #16]
 187:Core/Src/stm32f1xx_hal_msp.c ****     GPIO_InitStruct.Speed = GPIO_SPEED_FREQ_HIGH;
 402              		.loc 1 187 5 is_stmt 1 view .LVU102
 187:Core/Src/stm32f1xx_hal_msp.c ****     GPIO_InitStruct.Speed = GPIO_SPEED_FREQ_HIGH;
 403              		.loc 1 187 26 is_stmt 0 view .LVU103
 404 0076 1223     		movs	r3, #18
 405 0078 0593     		str	r3, [sp, #20]
 188:Core/Src/stm32f1xx_hal_msp.c ****     HAL_GPIO_Init(GPIOB, &GPIO_InitStruct);
 406              		.loc 1 188 5 is_stmt 1 view .LVU104
 188:Core/Src/stm32f1xx_hal_msp.c ****     HAL_GPIO_Init(GPIOB, &GPIO_InitStruct);
 407              		.loc 1 188 27 is_stmt 0 view .LVU105
 408 007a 0323     		movs	r3, #3
 409 007c 0793     		str	r3, [sp, #28]
 189:Core/Src/stm32f1xx_hal_msp.c **** 
 410              		.loc 1 189 5 is_stmt 1 view .LVU106
 411 007e 04A9     		add	r1, sp, #16
 412 0080 0948     		ldr	r0, .L23+12
 413              	.LVL23:
 189:Core/Src/stm32f1xx_hal_msp.c **** 
 414              		.loc 1 189 5 is_stmt 0 view .LVU107
 415 0082 FFF7FEFF 		bl	HAL_GPIO_Init
 416              	.LVL24:
 192:Core/Src/stm32f1xx_hal_msp.c ****     /* USER CODE BEGIN I2C2_MspInit 1 */
 417              		.loc 1 192 5 is_stmt 1 view .LVU108
 418              	.LBB11:
 192:Core/Src/stm32f1xx_hal_msp.c ****     /* USER CODE BEGIN I2C2_MspInit 1 */
 419              		.loc 1 192 5 view .LVU109
 192:Core/Src/stm32f1xx_hal_msp.c ****     /* USER CODE BEGIN I2C2_MspInit 1 */
 420              		.loc 1 192 5 view .LVU110
 421 0086 E369     		ldr	r3, [r4, #28]
 422 0088 43F48003 		orr	r3, r3, #4194304
 423 008c E361     		str	r3, [r4, #28]
 192:Core/Src/stm32f1xx_hal_msp.c ****     /* USER CODE BEGIN I2C2_MspInit 1 */
 424              		.loc 1 192 5 view .LVU111
 425 008e E369     		ldr	r3, [r4, #28]
 426 0090 03F48003 		and	r3, r3, #4194304
 427 0094 0393     		str	r3, [sp, #12]
 192:Core/Src/stm32f1xx_hal_msp.c ****     /* USER CODE BEGIN I2C2_MspInit 1 */
 428              		.loc 1 192 5 view .LVU112
 429 0096 039B     		ldr	r3, [sp, #12]
 430              	.LBE11:
 192:Core/Src/stm32f1xx_hal_msp.c ****     /* USER CODE BEGIN I2C2_MspInit 1 */
 431              		.loc 1 192 5 view .LVU113
 432              		.loc 1 198 1 is_stmt 0 view .LVU114
ARM GAS  /var/folders/y0/yl1wrqfd209ghqq3s8k8qc1m0000gn/T//ccgn2D1B.s 			page 13


 433 0098 C0E7     		b	.L17
 434              	.L24:
 435 009a 00BF     		.align	2
 436              	.L23:
 437 009c 00540040 		.word	1073763328
 438 00a0 00580040 		.word	1073764352
 439 00a4 00100240 		.word	1073876992
 440 00a8 000C0140 		.word	1073810432
 441              		.cfi_endproc
 442              	.LFE68:
 444              		.section	.text.HAL_I2C_MspDeInit,"ax",%progbits
 445              		.align	1
 446              		.global	HAL_I2C_MspDeInit
 447              		.syntax unified
 448              		.thumb
 449              		.thumb_func
 451              	HAL_I2C_MspDeInit:
 452              	.LVL25:
 453              	.LFB69:
 199:Core/Src/stm32f1xx_hal_msp.c **** 
 200:Core/Src/stm32f1xx_hal_msp.c **** /**
 201:Core/Src/stm32f1xx_hal_msp.c ****   * @brief I2C MSP De-Initialization
 202:Core/Src/stm32f1xx_hal_msp.c ****   * This function freeze the hardware resources used in this example
 203:Core/Src/stm32f1xx_hal_msp.c ****   * @param hi2c: I2C handle pointer
 204:Core/Src/stm32f1xx_hal_msp.c ****   * @retval None
 205:Core/Src/stm32f1xx_hal_msp.c ****   */
 206:Core/Src/stm32f1xx_hal_msp.c **** void HAL_I2C_MspDeInit(I2C_HandleTypeDef* hi2c)
 207:Core/Src/stm32f1xx_hal_msp.c **** {
 454              		.loc 1 207 1 is_stmt 1 view -0
 455              		.cfi_startproc
 456              		@ args = 0, pretend = 0, frame = 0
 457              		@ frame_needed = 0, uses_anonymous_args = 0
 458              		.loc 1 207 1 is_stmt 0 view .LVU116
 459 0000 08B5     		push	{r3, lr}
 460              	.LCFI11:
 461              		.cfi_def_cfa_offset 8
 462              		.cfi_offset 3, -8
 463              		.cfi_offset 14, -4
 208:Core/Src/stm32f1xx_hal_msp.c ****   if(hi2c->Instance==I2C1)
 464              		.loc 1 208 3 is_stmt 1 view .LVU117
 465              		.loc 1 208 10 is_stmt 0 view .LVU118
 466 0002 0368     		ldr	r3, [r0]
 467              		.loc 1 208 5 view .LVU119
 468 0004 134A     		ldr	r2, .L31
 469 0006 9342     		cmp	r3, r2
 470 0008 03D0     		beq	.L29
 209:Core/Src/stm32f1xx_hal_msp.c ****   {
 210:Core/Src/stm32f1xx_hal_msp.c ****     /* USER CODE BEGIN I2C1_MspDeInit 0 */
 211:Core/Src/stm32f1xx_hal_msp.c **** 
 212:Core/Src/stm32f1xx_hal_msp.c ****     /* USER CODE END I2C1_MspDeInit 0 */
 213:Core/Src/stm32f1xx_hal_msp.c ****     /* Peripheral clock disable */
 214:Core/Src/stm32f1xx_hal_msp.c ****     __HAL_RCC_I2C1_CLK_DISABLE();
 215:Core/Src/stm32f1xx_hal_msp.c **** 
 216:Core/Src/stm32f1xx_hal_msp.c ****     /**I2C1 GPIO Configuration
 217:Core/Src/stm32f1xx_hal_msp.c ****     PB6     ------> I2C1_SCL
 218:Core/Src/stm32f1xx_hal_msp.c ****     PB7     ------> I2C1_SDA
 219:Core/Src/stm32f1xx_hal_msp.c ****     */
ARM GAS  /var/folders/y0/yl1wrqfd209ghqq3s8k8qc1m0000gn/T//ccgn2D1B.s 			page 14


 220:Core/Src/stm32f1xx_hal_msp.c ****     HAL_GPIO_DeInit(GPIOB, GPIO_PIN_6);
 221:Core/Src/stm32f1xx_hal_msp.c **** 
 222:Core/Src/stm32f1xx_hal_msp.c ****     HAL_GPIO_DeInit(GPIOB, GPIO_PIN_7);
 223:Core/Src/stm32f1xx_hal_msp.c **** 
 224:Core/Src/stm32f1xx_hal_msp.c ****     /* USER CODE BEGIN I2C1_MspDeInit 1 */
 225:Core/Src/stm32f1xx_hal_msp.c **** 
 226:Core/Src/stm32f1xx_hal_msp.c ****     /* USER CODE END I2C1_MspDeInit 1 */
 227:Core/Src/stm32f1xx_hal_msp.c ****   }
 228:Core/Src/stm32f1xx_hal_msp.c ****   else if(hi2c->Instance==I2C2)
 471              		.loc 1 228 8 is_stmt 1 view .LVU120
 472              		.loc 1 228 10 is_stmt 0 view .LVU121
 473 000a 134A     		ldr	r2, .L31+4
 474 000c 9342     		cmp	r3, r2
 475 000e 0FD0     		beq	.L30
 476              	.LVL26:
 477              	.L25:
 229:Core/Src/stm32f1xx_hal_msp.c ****   {
 230:Core/Src/stm32f1xx_hal_msp.c ****     /* USER CODE BEGIN I2C2_MspDeInit 0 */
 231:Core/Src/stm32f1xx_hal_msp.c **** 
 232:Core/Src/stm32f1xx_hal_msp.c ****     /* USER CODE END I2C2_MspDeInit 0 */
 233:Core/Src/stm32f1xx_hal_msp.c ****     /* Peripheral clock disable */
 234:Core/Src/stm32f1xx_hal_msp.c ****     __HAL_RCC_I2C2_CLK_DISABLE();
 235:Core/Src/stm32f1xx_hal_msp.c **** 
 236:Core/Src/stm32f1xx_hal_msp.c ****     /**I2C2 GPIO Configuration
 237:Core/Src/stm32f1xx_hal_msp.c ****     PB10     ------> I2C2_SCL
 238:Core/Src/stm32f1xx_hal_msp.c ****     PB11     ------> I2C2_SDA
 239:Core/Src/stm32f1xx_hal_msp.c ****     */
 240:Core/Src/stm32f1xx_hal_msp.c ****     HAL_GPIO_DeInit(GPIOB, GPIO_PIN_10);
 241:Core/Src/stm32f1xx_hal_msp.c **** 
 242:Core/Src/stm32f1xx_hal_msp.c ****     HAL_GPIO_DeInit(GPIOB, GPIO_PIN_11);
 243:Core/Src/stm32f1xx_hal_msp.c **** 
 244:Core/Src/stm32f1xx_hal_msp.c ****     /* USER CODE BEGIN I2C2_MspDeInit 1 */
 245:Core/Src/stm32f1xx_hal_msp.c **** 
 246:Core/Src/stm32f1xx_hal_msp.c ****     /* USER CODE END I2C2_MspDeInit 1 */
 247:Core/Src/stm32f1xx_hal_msp.c ****   }
 248:Core/Src/stm32f1xx_hal_msp.c **** 
 249:Core/Src/stm32f1xx_hal_msp.c **** }
 478              		.loc 1 249 1 view .LVU122
 479 0010 08BD     		pop	{r3, pc}
 480              	.LVL27:
 481              	.L29:
 214:Core/Src/stm32f1xx_hal_msp.c **** 
 482              		.loc 1 214 5 is_stmt 1 view .LVU123
 483 0012 02F5DE32 		add	r2, r2, #113664
 484 0016 D369     		ldr	r3, [r2, #28]
 485 0018 23F40013 		bic	r3, r3, #2097152
 486 001c D361     		str	r3, [r2, #28]
 220:Core/Src/stm32f1xx_hal_msp.c **** 
 487              		.loc 1 220 5 view .LVU124
 488 001e 4021     		movs	r1, #64
 489 0020 0E48     		ldr	r0, .L31+8
 490              	.LVL28:
 220:Core/Src/stm32f1xx_hal_msp.c **** 
 491              		.loc 1 220 5 is_stmt 0 view .LVU125
 492 0022 FFF7FEFF 		bl	HAL_GPIO_DeInit
 493              	.LVL29:
 222:Core/Src/stm32f1xx_hal_msp.c **** 
ARM GAS  /var/folders/y0/yl1wrqfd209ghqq3s8k8qc1m0000gn/T//ccgn2D1B.s 			page 15


 494              		.loc 1 222 5 is_stmt 1 view .LVU126
 495 0026 8021     		movs	r1, #128
 496 0028 0C48     		ldr	r0, .L31+8
 497 002a FFF7FEFF 		bl	HAL_GPIO_DeInit
 498              	.LVL30:
 499 002e EFE7     		b	.L25
 500              	.LVL31:
 501              	.L30:
 234:Core/Src/stm32f1xx_hal_msp.c **** 
 502              		.loc 1 234 5 view .LVU127
 503 0030 02F5DC32 		add	r2, r2, #112640
 504 0034 D369     		ldr	r3, [r2, #28]
 505 0036 23F48003 		bic	r3, r3, #4194304
 506 003a D361     		str	r3, [r2, #28]
 240:Core/Src/stm32f1xx_hal_msp.c **** 
 507              		.loc 1 240 5 view .LVU128
 508 003c 4FF48061 		mov	r1, #1024
 509 0040 0648     		ldr	r0, .L31+8
 510              	.LVL32:
 240:Core/Src/stm32f1xx_hal_msp.c **** 
 511              		.loc 1 240 5 is_stmt 0 view .LVU129
 512 0042 FFF7FEFF 		bl	HAL_GPIO_DeInit
 513              	.LVL33:
 242:Core/Src/stm32f1xx_hal_msp.c **** 
 514              		.loc 1 242 5 is_stmt 1 view .LVU130
 515 0046 4FF40061 		mov	r1, #2048
 516 004a 0448     		ldr	r0, .L31+8
 517 004c FFF7FEFF 		bl	HAL_GPIO_DeInit
 518              	.LVL34:
 519              		.loc 1 249 1 is_stmt 0 view .LVU131
 520 0050 DEE7     		b	.L25
 521              	.L32:
 522 0052 00BF     		.align	2
 523              	.L31:
 524 0054 00540040 		.word	1073763328
 525 0058 00580040 		.word	1073764352
 526 005c 000C0140 		.word	1073810432
 527              		.cfi_endproc
 528              	.LFE69:
 530              		.text
 531              	.Letext0:
 532              		.file 2 "/Applications/ArmGNUToolchain/15.3.rel1/arm-none-eabi/arm-none-eabi/include/machine/_defa
 533              		.file 3 "/Applications/ArmGNUToolchain/15.3.rel1/arm-none-eabi/arm-none-eabi/include/sys/_stdint.h
 534              		.file 4 "Drivers/CMSIS/Device/ST/STM32F1xx/Include/stm32f103xb.h"
 535              		.file 5 "Drivers/CMSIS/Device/ST/STM32F1xx/Include/stm32f1xx.h"
 536              		.file 6 "Drivers/STM32F1xx_HAL_Driver/Inc/stm32f1xx_hal_def.h"
 537              		.file 7 "Drivers/STM32F1xx_HAL_Driver/Inc/stm32f1xx_hal_gpio.h"
 538              		.file 8 "Drivers/STM32F1xx_HAL_Driver/Inc/stm32f1xx_hal_dma.h"
 539              		.file 9 "Drivers/STM32F1xx_HAL_Driver/Inc/stm32f1xx_hal_adc.h"
 540              		.file 10 "Drivers/STM32F1xx_HAL_Driver/Inc/stm32f1xx_hal_i2c.h"
ARM GAS  /var/folders/y0/yl1wrqfd209ghqq3s8k8qc1m0000gn/T//ccgn2D1B.s 			page 16


DEFINED SYMBOLS
                            *ABS*:00000000 stm32f1xx_hal_msp.c
/var/folders/y0/yl1wrqfd209ghqq3s8k8qc1m0000gn/T//ccgn2D1B.s:19     .text.HAL_MspInit:00000000 $t
/var/folders/y0/yl1wrqfd209ghqq3s8k8qc1m0000gn/T//ccgn2D1B.s:25     .text.HAL_MspInit:00000000 HAL_MspInit
/var/folders/y0/yl1wrqfd209ghqq3s8k8qc1m0000gn/T//ccgn2D1B.s:108    .text.HAL_MspInit:00000048 $d
/var/folders/y0/yl1wrqfd209ghqq3s8k8qc1m0000gn/T//ccgn2D1B.s:114    .text.HAL_ADC_MspInit:00000000 $t
/var/folders/y0/yl1wrqfd209ghqq3s8k8qc1m0000gn/T//ccgn2D1B.s:120    .text.HAL_ADC_MspInit:00000000 HAL_ADC_MspInit
/var/folders/y0/yl1wrqfd209ghqq3s8k8qc1m0000gn/T//ccgn2D1B.s:213    .text.HAL_ADC_MspInit:00000054 $d
/var/folders/y0/yl1wrqfd209ghqq3s8k8qc1m0000gn/T//ccgn2D1B.s:219    .text.HAL_ADC_MspDeInit:00000000 $t
/var/folders/y0/yl1wrqfd209ghqq3s8k8qc1m0000gn/T//ccgn2D1B.s:225    .text.HAL_ADC_MspDeInit:00000000 HAL_ADC_MspDeInit
/var/folders/y0/yl1wrqfd209ghqq3s8k8qc1m0000gn/T//ccgn2D1B.s:268    .text.HAL_ADC_MspDeInit:00000020 $d
/var/folders/y0/yl1wrqfd209ghqq3s8k8qc1m0000gn/T//ccgn2D1B.s:275    .text.HAL_I2C_MspInit:00000000 $t
/var/folders/y0/yl1wrqfd209ghqq3s8k8qc1m0000gn/T//ccgn2D1B.s:281    .text.HAL_I2C_MspInit:00000000 HAL_I2C_MspInit
/var/folders/y0/yl1wrqfd209ghqq3s8k8qc1m0000gn/T//ccgn2D1B.s:437    .text.HAL_I2C_MspInit:0000009c $d
/var/folders/y0/yl1wrqfd209ghqq3s8k8qc1m0000gn/T//ccgn2D1B.s:445    .text.HAL_I2C_MspDeInit:00000000 $t
/var/folders/y0/yl1wrqfd209ghqq3s8k8qc1m0000gn/T//ccgn2D1B.s:451    .text.HAL_I2C_MspDeInit:00000000 HAL_I2C_MspDeInit
/var/folders/y0/yl1wrqfd209ghqq3s8k8qc1m0000gn/T//ccgn2D1B.s:524    .text.HAL_I2C_MspDeInit:00000054 $d

UNDEFINED SYMBOLS
HAL_GPIO_Init
HAL_GPIO_DeInit
